Aug 26 04:48:31 skywalker kernel: microcode: microcode updated early to revision 0x49, date = 2021-08-11
Aug 26 04:48:31 skywalker kernel: Linux version 6.1.38-Unraid (root@Develop-612) (gcc (GCC) 12.2.0, GNU ld version 2.40-slack151) #2 SMP PREEMPT_DYNAMIC Mon Jul 10 09:50:25 PDT 2023
Aug 26 04:48:31 skywalker kernel: Command line: BOOT_IMAGE=/bzimage initrd=/bzroot
Aug 26 04:48:31 skywalker kernel: x86/fpu: Supporting XSAVE feature 0x001: 'x87 floating point registers'
Aug 26 04:48:31 skywalker kernel: x86/fpu: Supporting XSAVE feature 0x002: 'SSE registers'
Aug 26 04:48:31 skywalker kernel: x86/fpu: Supporting XSAVE feature 0x004: 'AVX registers'
Aug 26 04:48:31 skywalker kernel: x86/fpu: xstate_offset[2]:  576, xstate_sizes[2]:  256
Aug 26 04:48:31 skywalker kernel: x86/fpu: Enabled xstate features 0x7, context size is 832 bytes, using 'standard' format.
Aug 26 04:48:31 skywalker kernel: signal: max sigframe size: 1776
Aug 26 04:48:31 skywalker kernel: BIOS-provided physical RAM map:
Aug 26 04:48:31 skywalker kernel: BIOS-e820: [mem 0x0000000000000000-0x000000000009ffff] usable
Aug 26 04:48:31 skywalker kernel: BIOS-e820: [mem 0x0000000000100000-0x00000000794a0fff] usable
Aug 26 04:48:31 skywalker kernel: BIOS-e820: [mem 0x00000000794a1000-0x000000007a1fcfff] reserved
Aug 26 04:48:31 skywalker kernel: BIOS-e820: [mem 0x000000007a1fd000-0x000000007a258fff] ACPI data
Aug 26 04:48:31 skywalker kernel: BIOS-e820: [mem 0x000000007a259000-0x000000007b05ffff] ACPI NVS
Aug 26 04:48:31 skywalker kernel: BIOS-e820: [mem 0x000000007b060000-0x000000007b591fff] reserved
Aug 26 04:48:31 skywalker kernel: BIOS-e820: [mem 0x000000007b592000-0x000000007b592fff] usable
Aug 26 04:48:31 skywalker kernel: BIOS-e820: [mem 0x000000007b593000-0x000000007b618fff] reserved
Aug 26 04:48:31 skywalker kernel: BIOS-e820: [mem 0x000000007b619000-0x000000007bffffff] usable
Aug 26 04:48:31 skywalker kernel: BIOS-e820: [mem 0x000000007c000000-0x000000008fffffff] reserved
Aug 26 04:48:31 skywalker kernel: BIOS-e820: [mem 0x00000000fed1c000-0x00000000fed44fff] reserved
Aug 26 04:48:31 skywalker kernel: BIOS-e820: [mem 0x00000000ff000000-0x00000000ffffffff] reserved
Aug 26 04:48:31 skywalker kernel: BIOS-e820: [mem 0x0000000100000000-0x000000107fffffff] usable
Aug 26 04:48:31 skywalker kernel: NX (Execute Disable) protection: active
Aug 26 04:48:31 skywalker kernel: e820: update [mem 0x6ee5d018-0x6ee79c57] usable ==> usable
Aug 26 04:48:31 skywalker kernel: e820: update [mem 0x6ee5d018-0x6ee79c57] usable ==> usable
Aug 26 04:48:31 skywalker kernel: e820: update [mem 0x6ee4e018-0x6ee5c057] usable ==> usable
Aug 26 04:48:31 skywalker kernel: e820: update [mem 0x6ee4e018-0x6ee5c057] usable ==> usable
Aug 26 04:48:31 skywalker kernel: extended physical RAM map:
Aug 26 04:48:31 skywalker kernel: reserve setup_data: [mem 0x0000000000000000-0x000000000009ffff] usable
Aug 26 04:48:31 skywalker kernel: reserve setup_data: [mem 0x0000000000100000-0x000000006ee4e017] usable
Aug 26 04:48:31 skywalker kernel: reserve setup_data: [mem 0x000000006ee4e018-0x000000006ee5c057] usable
Aug 26 04:48:31 skywalker kernel: reserve setup_data: [mem 0x000000006ee5c058-0x000000006ee5d017] usable
Aug 26 04:48:31 skywalker kernel: reserve setup_data: [mem 0x000000006ee5d018-0x000000006ee79c57] usable
Aug 26 04:48:31 skywalker kernel: reserve setup_data: [mem 0x000000006ee79c58-0x00000000794a0fff] usable
Aug 26 04:48:31 skywalker kernel: reserve setup_data: [mem 0x00000000794a1000-0x000000007a1fcfff] reserved
Aug 26 04:48:31 skywalker kernel: reserve setup_data: [mem 0x000000007a1fd000-0x000000007a258fff] ACPI data
Aug 26 04:48:31 skywalker kernel: reserve setup_data: [mem 0x000000007a259000-0x000000007b05ffff] ACPI NVS
Aug 26 04:48:31 skywalker kernel: reserve setup_data: [mem 0x000000007b060000-0x000000007b591fff] reserved
Aug 26 04:48:31 skywalker kernel: reserve setup_data: [mem 0x000000007b592000-0x000000007b592fff] usable
Aug 26 04:48:31 skywalker kernel: reserve setup_data: [mem 0x000000007b593000-0x000000007b618fff] reserved
Aug 26 04:48:31 skywalker kernel: reserve setup_data: [mem 0x000000007b619000-0x000000007bffffff] usable
Aug 26 04:48:31 skywalker kernel: reserve setup_data: [mem 0x000000007c000000-0x000000008fffffff] reserved
Aug 26 04:48:31 skywalker kernel: reserve setup_data: [mem 0x00000000fed1c000-0x00000000fed44fff] reserved
Aug 26 04:48:31 skywalker kernel: reserve setup_data: [mem 0x00000000ff000000-0x00000000ffffffff] reserved
Aug 26 04:48:31 skywalker kernel: reserve setup_data: [mem 0x0000000100000000-0x000000107fffffff] usable
Aug 26 04:48:31 skywalker kernel: efi: EFI v2.40 by American Megatrends
Aug 26 04:48:31 skywalker kernel: efi: ESRT=0x7b537318 ACPI=0x7a20f000 ACPI 2.0=0x7a20f000 SMBIOS=0xf05e0 SMBIOS 3.0=0x7b3d3000 
Aug 26 04:48:31 skywalker kernel: SMBIOS 3.0.0 present.
Aug 26 04:48:31 skywalker kernel: DMI: HUANANZHI /X99-TF GAMING, BIOS 5.11 08/30/2022
Aug 26 04:48:31 skywalker kernel: tsc: Fast TSC calibration using PIT
Aug 26 04:48:31 skywalker kernel: tsc: Detected 2399.919 MHz processor
Aug 26 04:48:31 skywalker kernel: e820: update [mem 0x00000000-0x00000fff] usable ==> reserved
Aug 26 04:48:31 skywalker kernel: e820: remove [mem 0x000a0000-0x000fffff] usable
Aug 26 04:48:31 skywalker kernel: last_pfn = 0x1080000 max_arch_pfn = 0x400000000
Aug 26 04:48:31 skywalker kernel: x86/PAT: Configuration [0-7]: WB  WC  UC- UC  WB  WP  UC- WT  
Aug 26 04:48:31 skywalker kernel: last_pfn = 0x7c000 max_arch_pfn = 0x400000000
Aug 26 04:48:31 skywalker kernel: found SMP MP-table at [mem 0x000fcd70-0x000fcd7f]
Aug 26 04:48:31 skywalker kernel: esrt: Reserving ESRT space from 0x000000007b537318 to 0x000000007b537350.
Aug 26 04:48:31 skywalker kernel: Using GB pages for direct mapping
Aug 26 04:48:31 skywalker kernel: Secure boot disabled
Aug 26 04:48:31 skywalker kernel: RAMDISK: [mem 0x6ee7b000-0x70566fff]
Aug 26 04:48:31 skywalker kernel: ACPI: Early table checksum verification disabled
Aug 26 04:48:31 skywalker kernel: ACPI: RSDP 0x000000007A20F000 000024 (v02 ALASKA)
Aug 26 04:48:31 skywalker kernel: ACPI: XSDT 0x000000007A20F098 0000AC (v01 ALASKA A M I    01072009 AMI  00010013)
Aug 26 04:48:31 skywalker kernel: ACPI: FACP 0x000000007A241E08 00010C (v05 ALASKA A M I    01072009 AMI  00010013)
Aug 26 04:48:31 skywalker kernel: ACPI: DSDT 0x000000007A20F1D0 032C38 (v02 ALASKA A M I    01072009 INTL 20091013)
Aug 26 04:48:31 skywalker kernel: ACPI: FACS 0x000000007B05EF80 000040
Aug 26 04:48:31 skywalker kernel: ACPI: APIC 0x000000007A241F18 0001A8 (v03 ALASKA A M I    01072009 AMI  00010013)
Aug 26 04:48:31 skywalker kernel: ACPI: FPDT 0x000000007A2420C0 000044 (v01 ALASKA A M I    01072009 AMI  00010013)
Aug 26 04:48:31 skywalker kernel: ACPI: FIDT 0x000000007A242108 00009C (v01 ALASKA A M I    01072009 AMI  00010013)
Aug 26 04:48:31 skywalker kernel: ACPI: MCFG 0x000000007A2421A8 00003C (v01 ALASKA A M I    01072009 MSFT 00000097)
Aug 26 04:48:31 skywalker kernel: ACPI: SSDT 0x000000007A2421E8 00036D (v01 SataRe SataTabl 00001000 INTL 20120913)
Aug 26 04:48:31 skywalker kernel: ACPI: UEFI 0x000000007A242558 000042 (v01 ALASKA A M I    01072009      00000000)
Aug 26 04:48:31 skywalker kernel: ACPI: HPET 0x000000007A2425A0 000038 (v01 ALASKA A M I    00000001 INTL 20091013)
Aug 26 04:48:31 skywalker kernel: ACPI: MSCT 0x000000007A2425D8 000090 (v01 ALASKA A M I    00000001 INTL 20091013)
Aug 26 04:48:31 skywalker kernel: ACPI: SLIT 0x000000007A242668 00002D (v01 ALASKA A M I    00000001 INTL 20091013)
Aug 26 04:48:31 skywalker kernel: ACPI: SRAT 0x000000007A242698 001158 (v03 ALASKA A M I    00000001 INTL 20091013)
Aug 26 04:48:31 skywalker kernel: ACPI: WDDT 0x000000007A2437F0 000040 (v01 ALASKA A M I    00000000 INTL 20091013)
Aug 26 04:48:31 skywalker kernel: ACPI: SSDT 0x000000007A243830 01524F (v02 ALASKA PmMgt    00000001 INTL 20120913)
Aug 26 04:48:31 skywalker kernel: ACPI: NITR 0x000000007A258A80 000071 (v02 ALASKA A M I    00000001 INTL 20091013)
Aug 26 04:48:31 skywalker kernel: ACPI: BGRT 0x000000007A258AF8 000038 (v01 ALASKA A M I    01072009 AMI  00010013)
Aug 26 04:48:31 skywalker kernel: ACPI: DMAR 0x000000007A258B30 0000DC (v01 ALASKA A M I    00000001 INTL 20091013)
Aug 26 04:48:31 skywalker kernel: ACPI: ASF! 0x000000007A258C10 0000A0 (v32 INTEL   HCG     00000001 TFSM 000F4240)
Aug 26 04:48:31 skywalker kernel: ACPI: Reserving FACP table memory at [mem 0x7a241e08-0x7a241f13]
Aug 26 04:48:31 skywalker kernel: ACPI: Reserving DSDT table memory at [mem 0x7a20f1d0-0x7a241e07]
Aug 26 04:48:31 skywalker kernel: ACPI: Reserving FACS table memory at [mem 0x7b05ef80-0x7b05efbf]
Aug 26 04:48:31 skywalker kernel: ACPI: Reserving APIC table memory at [mem 0x7a241f18-0x7a2420bf]
Aug 26 04:48:31 skywalker kernel: ACPI: Reserving FPDT table memory at [mem 0x7a2420c0-0x7a242103]
Aug 26 04:48:31 skywalker kernel: ACPI: Reserving FIDT table memory at [mem 0x7a242108-0x7a2421a3]
Aug 26 04:48:31 skywalker kernel: ACPI: Reserving MCFG table memory at [mem 0x7a2421a8-0x7a2421e3]
Aug 26 04:48:31 skywalker kernel: ACPI: Reserving SSDT table memory at [mem 0x7a2421e8-0x7a242554]
Aug 26 04:48:31 skywalker kernel: ACPI: Reserving UEFI table memory at [mem 0x7a242558-0x7a242599]
Aug 26 04:48:31 skywalker kernel: ACPI: Reserving HPET table memory at [mem 0x7a2425a0-0x7a2425d7]
Aug 26 04:48:31 skywalker kernel: ACPI: Reserving MSCT table memory at [mem 0x7a2425d8-0x7a242667]
Aug 26 04:48:31 skywalker kernel: ACPI: Reserving SLIT table memory at [mem 0x7a242668-0x7a242694]
Aug 26 04:48:31 skywalker kernel: ACPI: Reserving SRAT table memory at [mem 0x7a242698-0x7a2437ef]
Aug 26 04:48:31 skywalker kernel: ACPI: Reserving WDDT table memory at [mem 0x7a2437f0-0x7a24382f]
Aug 26 04:48:31 skywalker kernel: ACPI: Reserving SSDT table memory at [mem 0x7a243830-0x7a258a7e]
Aug 26 04:48:31 skywalker kernel: ACPI: Reserving NITR table memory at [mem 0x7a258a80-0x7a258af0]
Aug 26 04:48:31 skywalker kernel: ACPI: Reserving BGRT table memory at [mem 0x7a258af8-0x7a258b2f]
Aug 26 04:48:31 skywalker kernel: ACPI: Reserving DMAR table memory at [mem 0x7a258b30-0x7a258c0b]
Aug 26 04:48:31 skywalker kernel: ACPI: Reserving ASF! table memory at [mem 0x7a258c10-0x7a258caf]
Aug 26 04:48:31 skywalker kernel: SRAT: PXM 0 -> APIC 0x00 -> Node 0
Aug 26 04:48:31 skywalker kernel: SRAT: PXM 0 -> APIC 0x02 -> Node 0
Aug 26 04:48:31 skywalker kernel: SRAT: PXM 0 -> APIC 0x04 -> Node 0
Aug 26 04:48:31 skywalker kernel: SRAT: PXM 0 -> APIC 0x06 -> Node 0
Aug 26 04:48:31 skywalker kernel: SRAT: PXM 0 -> APIC 0x08 -> Node 0
Aug 26 04:48:31 skywalker kernel: SRAT: PXM 0 -> APIC 0x0a -> Node 0
Aug 26 04:48:31 skywalker kernel: SRAT: PXM 0 -> APIC 0x10 -> Node 0
Aug 26 04:48:31 skywalker kernel: SRAT: PXM 0 -> APIC 0x12 -> Node 0
Aug 26 04:48:31 skywalker kernel: SRAT: PXM 0 -> APIC 0x14 -> Node 0
Aug 26 04:48:31 skywalker kernel: SRAT: PXM 0 -> APIC 0x16 -> Node 0
Aug 26 04:48:31 skywalker kernel: SRAT: PXM 0 -> APIC 0x18 -> Node 0
Aug 26 04:48:31 skywalker kernel: SRAT: PXM 0 -> APIC 0x1a -> Node 0
Aug 26 04:48:31 skywalker kernel: SRAT: PXM 0 -> APIC 0x01 -> Node 0
Aug 26 04:48:31 skywalker kernel: SRAT: PXM 0 -> APIC 0x03 -> Node 0
Aug 26 04:48:31 skywalker kernel: SRAT: PXM 0 -> APIC 0x05 -> Node 0
Aug 26 04:48:31 skywalker kernel: SRAT: PXM 0 -> APIC 0x07 -> Node 0
Aug 26 04:48:31 skywalker kernel: SRAT: PXM 0 -> APIC 0x09 -> Node 0
Aug 26 04:48:31 skywalker kernel: SRAT: PXM 0 -> APIC 0x0b -> Node 0
Aug 26 04:48:31 skywalker kernel: SRAT: PXM 0 -> APIC 0x11 -> Node 0
Aug 26 04:48:31 skywalker kernel: SRAT: PXM 0 -> APIC 0x13 -> Node 0
Aug 26 04:48:31 skywalker kernel: SRAT: PXM 0 -> APIC 0x15 -> Node 0
Aug 26 04:48:31 skywalker kernel: SRAT: PXM 0 -> APIC 0x17 -> Node 0
Aug 26 04:48:31 skywalker kernel: SRAT: PXM 0 -> APIC 0x19 -> Node 0
Aug 26 04:48:31 skywalker kernel: SRAT: PXM 0 -> APIC 0x1b -> Node 0
Aug 26 04:48:31 skywalker kernel: ACPI: SRAT: Node 0 PXM 0 [mem 0x00000000-0x7fffffff]
Aug 26 04:48:31 skywalker kernel: ACPI: SRAT: Node 0 PXM 0 [mem 0x100000000-0x107fffffff]
Aug 26 04:48:31 skywalker kernel: NUMA: Initialized distance table, cnt=1
Aug 26 04:48:31 skywalker kernel: NUMA: Node 0 [mem 0x00000000-0x7fffffff] + [mem 0x100000000-0x107fffffff] -> [mem 0x00000000-0x107fffffff]
Aug 26 04:48:31 skywalker kernel: NODE_DATA(0) allocated [mem 0x107fff7000-0x107fffcfff]
Aug 26 04:48:31 skywalker kernel: Zone ranges:
Aug 26 04:48:31 skywalker kernel:  DMA      [mem 0x0000000000001000-0x0000000000ffffff]
Aug 26 04:48:31 skywalker kernel:  DMA32    [mem 0x0000000001000000-0x00000000ffffffff]
Aug 26 04:48:31 skywalker kernel:  Normal   [mem 0x0000000100000000-0x000000107fffffff]
Aug 26 04:48:31 skywalker kernel:  Device   empty
Aug 26 04:48:31 skywalker kernel: Movable zone start for each node
Aug 26 04:48:31 skywalker kernel: Early memory node ranges
Aug 26 04:48:31 skywalker kernel:  node   0: [mem 0x0000000000001000-0x000000000009ffff]
Aug 26 04:48:31 skywalker kernel:  node   0: [mem 0x0000000000100000-0x00000000794a0fff]
Aug 26 04:48:31 skywalker kernel:  node   0: [mem 0x000000007b592000-0x000000007b592fff]
Aug 26 04:48:31 skywalker kernel:  node   0: [mem 0x000000007b619000-0x000000007bffffff]
Aug 26 04:48:31 skywalker kernel:  node   0: [mem 0x0000000100000000-0x000000107fffffff]
Aug 26 04:48:31 skywalker kernel: Initmem setup node 0 [mem 0x0000000000001000-0x000000107fffffff]
Aug 26 04:48:31 skywalker kernel: On node 0, zone DMA: 1 pages in unavailable ranges
Aug 26 04:48:31 skywalker kernel: On node 0, zone DMA: 96 pages in unavailable ranges
Aug 26 04:48:31 skywalker kernel: On node 0, zone DMA32: 8433 pages in unavailable ranges
Aug 26 04:48:31 skywalker kernel: On node 0, zone DMA32: 134 pages in unavailable ranges
Aug 26 04:48:31 skywalker kernel: On node 0, zone Normal: 16384 pages in unavailable ranges
Aug 26 04:48:31 skywalker kernel: ACPI: PM-Timer IO Port: 0x408
Aug 26 04:48:31 skywalker kernel: ACPI: LAPIC_NMI (acpi_id[0x00] high edge lint[0x1])
Aug 26 04:48:31 skywalker kernel: ACPI: LAPIC_NMI (acpi_id[0x02] high edge lint[0x1])
Aug 26 04:48:31 skywalker kernel: ACPI: LAPIC_NMI (acpi_id[0x04] high edge lint[0x1])
Aug 26 04:48:31 skywalker kernel: ACPI: LAPIC_NMI (acpi_id[0x06] high edge lint[0x1])
Aug 26 04:48:31 skywalker kernel: ACPI: LAPIC_NMI (acpi_id[0x08] high edge lint[0x1])
Aug 26 04:48:31 skywalker kernel: ACPI: LAPIC_NMI (acpi_id[0x0a] high edge lint[0x1])
Aug 26 04:48:31 skywalker kernel: ACPI: LAPIC_NMI (acpi_id[0x10] high edge lint[0x1])
Aug 26 04:48:31 skywalker kernel: ACPI: LAPIC_NMI (acpi_id[0x12] high edge lint[0x1])
Aug 26 04:48:31 skywalker kernel: ACPI: LAPIC_NMI (acpi_id[0x14] high edge lint[0x1])
Aug 26 04:48:31 skywalker kernel: ACPI: LAPIC_NMI (acpi_id[0x16] high edge lint[0x1])
Aug 26 04:48:31 skywalker kernel: ACPI: LAPIC_NMI (acpi_id[0x18] high edge lint[0x1])
Aug 26 04:48:31 skywalker kernel: ACPI: LAPIC_NMI (acpi_id[0x1a] high edge lint[0x1])
Aug 26 04:48:31 skywalker kernel: ACPI: LAPIC_NMI (acpi_id[0x01] high edge lint[0x1])
Aug 26 04:48:31 skywalker kernel: ACPI: LAPIC_NMI (acpi_id[0x03] high edge lint[0x1])
Aug 26 04:48:31 skywalker kernel: ACPI: LAPIC_NMI (acpi_id[0x05] high edge lint[0x1])
Aug 26 04:48:31 skywalker kernel: ACPI: LAPIC_NMI (acpi_id[0x07] high edge lint[0x1])
Aug 26 04:48:31 skywalker kernel: ACPI: LAPIC_NMI (acpi_id[0x09] high edge lint[0x1])
Aug 26 04:48:31 skywalker kernel: ACPI: LAPIC_NMI (acpi_id[0x0b] high edge lint[0x1])
Aug 26 04:48:31 skywalker kernel: ACPI: LAPIC_NMI (acpi_id[0x11] high edge lint[0x1])
Aug 26 04:48:31 skywalker kernel: ACPI: LAPIC_NMI (acpi_id[0x13] high edge lint[0x1])
Aug 26 04:48:31 skywalker kernel: ACPI: LAPIC_NMI (acpi_id[0x15] high edge lint[0x1])
Aug 26 04:48:31 skywalker kernel: ACPI: LAPIC_NMI (acpi_id[0x17] high edge lint[0x1])
Aug 26 04:48:31 skywalker kernel: ACPI: LAPIC_NMI (acpi_id[0x19] high edge lint[0x1])
Aug 26 04:48:31 skywalker kernel: ACPI: LAPIC_NMI (acpi_id[0x1b] high edge lint[0x1])
Aug 26 04:48:31 skywalker kernel: IOAPIC[0]: apic_id 1, version 32, address 0xfec00000, GSI 0-23
Aug 26 04:48:31 skywalker kernel: IOAPIC[1]: apic_id 2, version 32, address 0xfec01000, GSI 24-47
Aug 26 04:48:31 skywalker kernel: ACPI: INT_SRC_OVR (bus 0 bus_irq 0 global_irq 2 dfl dfl)
Aug 26 04:48:31 skywalker kernel: ACPI: INT_SRC_OVR (bus 0 bus_irq 9 global_irq 9 high level)
Aug 26 04:48:31 skywalker kernel: ACPI: Using ACPI (MADT) for SMP configuration information
Aug 26 04:48:31 skywalker kernel: ACPI: HPET id: 0x8086a701 base: 0xfed00000
Aug 26 04:48:31 skywalker kernel: e820: update [mem 0x75485000-0x7579cfff] usable ==> reserved
Aug 26 04:48:31 skywalker kernel: TSC deadline timer available
Aug 26 04:48:31 skywalker kernel: smpboot: Allowing 24 CPUs, 0 hotplug CPUs
Aug 26 04:48:31 skywalker kernel: [mem 0x90000000-0xfed1bfff] available for PCI devices
Aug 26 04:48:31 skywalker kernel: Booting paravirtualized kernel on bare hardware
Aug 26 04:48:31 skywalker kernel: clocksource: refined-jiffies: mask: 0xffffffff max_cycles: 0xffffffff, max_idle_ns: 1910969940391419 ns
Aug 26 04:48:31 skywalker kernel: setup_percpu: NR_CPUS:256 nr_cpumask_bits:24 nr_cpu_ids:24 nr_node_ids:1
Aug 26 04:48:31 skywalker kernel: percpu: Embedded 56 pages/cpu s190952 r8192 d30232 u262144
Aug 26 04:48:31 skywalker kernel: pcpu-alloc: s190952 r8192 d30232 u262144 alloc=1*2097152
Aug 26 04:48:31 skywalker kernel: pcpu-alloc: [0] 00 01 02 03 04 05 06 07 [0] 08 09 10 11 12 13 14 15 
Aug 26 04:48:31 skywalker kernel: pcpu-alloc: [0] 16 17 18 19 20 21 22 23 
Aug 26 04:48:31 skywalker kernel: Fallback order for Node 0: 0 
Aug 26 04:48:31 skywalker kernel: Built 1 zonelists, mobility grouping on.  Total pages: 16490254
Aug 26 04:48:31 skywalker kernel: Policy zone: Normal
Aug 26 04:48:31 skywalker kernel: Kernel command line: BOOT_IMAGE=/bzimage initrd=/bzroot
Aug 26 04:48:31 skywalker kernel: Unknown kernel command line parameters "BOOT_IMAGE=/bzimage", will be passed to user space.
Aug 26 04:48:31 skywalker kernel: printk: log_buf_len individual max cpu contribution: 4096 bytes
Aug 26 04:48:31 skywalker kernel: printk: log_buf_len total cpu_extra contributions: 94208 bytes
Aug 26 04:48:31 skywalker kernel: printk: log_buf_len min size: 131072 bytes
Aug 26 04:48:31 skywalker kernel: printk: log_buf_len: 262144 bytes
Aug 26 04:48:31 skywalker kernel: printk: early log buf free: 117560(89%)
Aug 26 04:48:31 skywalker kernel: Dentry cache hash table entries: 8388608 (order: 14, 67108864 bytes, linear)
Aug 26 04:48:31 skywalker kernel: Inode-cache hash table entries: 4194304 (order: 13, 33554432 bytes, linear)
Aug 26 04:48:31 skywalker kernel: mem auto-init: stack:off, heap alloc:off, heap free:off
Aug 26 04:48:31 skywalker kernel: software IO TLB: area num 32.
Aug 26 04:48:31 skywalker kernel: Memory: 65625840K/67008672K available (12295K kernel code, 1751K rwdata, 3652K rodata, 1868K init, 3692K bss, 1382576K reserved, 0K cma-reserved)
Aug 26 04:48:31 skywalker kernel: SLUB: HWalign=64, Order=0-3, MinObjects=0, CPUs=24, Nodes=1
Aug 26 04:48:31 skywalker kernel: Kernel/User page tables isolation: enabled
Aug 26 04:48:31 skywalker kernel: ftrace: allocating 42845 entries in 168 pages
Aug 26 04:48:31 skywalker kernel: ftrace: allocated 168 pages with 3 groups
Aug 26 04:48:31 skywalker kernel: Dynamic Preempt: voluntary
Aug 26 04:48:31 skywalker kernel: rcu: Preemptible hierarchical RCU implementation.
Aug 26 04:48:31 skywalker kernel: rcu: 	RCU event tracing is enabled.
Aug 26 04:48:31 skywalker kernel: rcu: 	RCU restricting CPUs from NR_CPUS=256 to nr_cpu_ids=24.
Aug 26 04:48:31 skywalker kernel: 	Trampoline variant of Tasks RCU enabled.
Aug 26 04:48:31 skywalker kernel: 	Rude variant of Tasks RCU enabled.
Aug 26 04:48:31 skywalker kernel: 	Tracing variant of Tasks RCU enabled.
Aug 26 04:48:31 skywalker kernel: rcu: RCU calculated value of scheduler-enlistment delay is 100 jiffies.
Aug 26 04:48:31 skywalker kernel: rcu: Adjusting geometry for rcu_fanout_leaf=16, nr_cpu_ids=24
Aug 26 04:48:31 skywalker kernel: NR_IRQS: 16640, nr_irqs: 1024, preallocated irqs: 16
Aug 26 04:48:31 skywalker kernel: rcu: srcu_init: Setting srcu_struct sizes based on contention.
Aug 26 04:48:31 skywalker kernel: Console: colour dummy device 80x25
Aug 26 04:48:31 skywalker kernel: printk: console [tty0] enabled
Aug 26 04:48:31 skywalker kernel: ACPI: Core revision 20220331
Aug 26 04:48:31 skywalker kernel: clocksource: hpet: mask: 0xffffffff max_cycles: 0xffffffff, max_idle_ns: 133484882848 ns
Aug 26 04:48:31 skywalker kernel: APIC: Switch to symmetric I/O mode setup
Aug 26 04:48:31 skywalker kernel: DMAR: Host address width 46
Aug 26 04:48:31 skywalker kernel: DMAR: DRHD base: 0x000000fbffd000 flags: 0x0
Aug 26 04:48:31 skywalker kernel: DMAR: dmar0: reg_base_addr fbffd000 ver 1:0 cap d2008c10ef0466 ecap f0205b
Aug 26 04:48:31 skywalker kernel: DMAR: DRHD base: 0x000000fbffc000 flags: 0x1
Aug 26 04:48:31 skywalker kernel: DMAR: dmar1: reg_base_addr fbffc000 ver 1:0 cap d2078c106f0466 ecap f020df
Aug 26 04:48:31 skywalker kernel: DMAR: RMRR base: 0x0000007b3ee000 end: 0x0000007b3fefff
Aug 26 04:48:31 skywalker kernel: DMAR: ATSR flags: 0x0
Aug 26 04:48:31 skywalker kernel: DMAR: RHSA base: 0x000000fbffc000 proximity domain: 0x0
Aug 26 04:48:31 skywalker kernel: DMAR-IR: IOAPIC id 1 under DRHD base  0xfbffc000 IOMMU 1
Aug 26 04:48:31 skywalker kernel: DMAR-IR: IOAPIC id 2 under DRHD base  0xfbffc000 IOMMU 1
Aug 26 04:48:31 skywalker kernel: DMAR-IR: HPET id 0 under DRHD base 0xfbffc000
Aug 26 04:48:31 skywalker kernel: DMAR-IR: x2apic is disabled because BIOS sets x2apic opt out bit.
Aug 26 04:48:31 skywalker kernel: DMAR-IR: Use 'intremap=no_x2apic_optout' to override the BIOS setting.
Aug 26 04:48:31 skywalker kernel: DMAR-IR: Enabled IRQ remapping in xapic mode
Aug 26 04:48:31 skywalker kernel: x2apic: IRQ remapping doesn't support X2APIC mode
Aug 26 04:48:31 skywalker kernel: Switched APIC routing to physical flat.
Aug 26 04:48:31 skywalker kernel: ..TIMER: vector=0x30 apic1=0 pin1=2 apic2=-1 pin2=-1
Aug 26 04:48:31 skywalker kernel: clocksource: tsc-early: mask: 0xffffffffffffffff max_cycles: 0x2297eaeb27a, max_idle_ns: 440795295312 ns
Aug 26 04:48:31 skywalker kernel: Calibrating delay loop (skipped), value calculated using timer frequency.. 4799.83 BogoMIPS (lpj=2399919)
Aug 26 04:48:31 skywalker kernel: pid_max: default: 32768 minimum: 301
Aug 26 04:48:31 skywalker kernel: Mount-cache hash table entries: 131072 (order: 8, 1048576 bytes, linear)
Aug 26 04:48:31 skywalker kernel: Mountpoint-cache hash table entries: 131072 (order: 8, 1048576 bytes, linear)
Aug 26 04:48:31 skywalker kernel: CPU0: Thermal monitoring enabled (TM1)
Aug 26 04:48:31 skywalker kernel: process: using mwait in idle threads
Aug 26 04:48:31 skywalker kernel: Last level iTLB entries: 4KB 1024, 2MB 1024, 4MB 1024
Aug 26 04:48:31 skywalker kernel: Last level dTLB entries: 4KB 1024, 2MB 1024, 4MB 1024, 1GB 4
Aug 26 04:48:31 skywalker kernel: Spectre V1 : Mitigation: usercopy/swapgs barriers and __user pointer sanitization
Aug 26 04:48:31 skywalker kernel: Spectre V2 : Mitigation: Retpolines
Aug 26 04:48:31 skywalker kernel: Spectre V2 : Spectre v2 / SpectreRSB mitigation: Filling RSB on context switch
Aug 26 04:48:31 skywalker kernel: Spectre V2 : Spectre v2 / SpectreRSB : Filling RSB on VMEXIT
Aug 26 04:48:31 skywalker kernel: Spectre V2 : Enabling Restricted Speculation for firmware calls
Aug 26 04:48:31 skywalker kernel: Spectre V2 : mitigation: Enabling conditional Indirect Branch Prediction Barrier
Aug 26 04:48:31 skywalker kernel: Spectre V2 : User space: Mitigation: STIBP via prctl
Aug 26 04:48:31 skywalker kernel: Speculative Store Bypass: Mitigation: Speculative Store Bypass disabled via prctl
Aug 26 04:48:31 skywalker kernel: MDS: Mitigation: Clear CPU buffers
Aug 26 04:48:31 skywalker kernel: MMIO Stale Data: Mitigation: Clear CPU buffers
Aug 26 04:48:31 skywalker kernel: Freeing SMP alternatives memory: 24K
Aug 26 04:48:31 skywalker kernel: smpboot: CPU0: Intel(R) Xeon(R) CPU E5-2676 v3 @ 2.40GHz (family: 0x6, model: 0x3f, stepping: 0x2)
Aug 26 04:48:31 skywalker kernel: cblist_init_generic: Setting adjustable number of callback queues.
Aug 26 04:48:31 skywalker kernel: cblist_init_generic: Setting shift to 5 and lim to 1.
Aug 26 04:48:31 skywalker kernel: cblist_init_generic: Setting shift to 5 and lim to 1.
Aug 26 04:48:31 skywalker kernel: cblist_init_generic: Setting shift to 5 and lim to 1.
Aug 26 04:48:31 skywalker kernel: Performance Events: PEBS fmt2+, Haswell events, 16-deep LBR, full-width counters, Intel PMU driver.
Aug 26 04:48:31 skywalker kernel: ... version:                3
Aug 26 04:48:31 skywalker kernel: ... bit width:              48
Aug 26 04:48:31 skywalker kernel: ... generic registers:      4
Aug 26 04:48:31 skywalker kernel: ... value mask:             0000ffffffffffff
Aug 26 04:48:31 skywalker kernel: ... max period:             00007fffffffffff
Aug 26 04:48:31 skywalker kernel: ... fixed-purpose events:   3
Aug 26 04:48:31 skywalker kernel: ... event mask:             000000070000000f
Aug 26 04:48:31 skywalker kernel: Estimated ratio of average max frequency by base frequency (times 1024): 1152
Aug 26 04:48:31 skywalker kernel: rcu: Hierarchical SRCU implementation.
Aug 26 04:48:31 skywalker kernel: rcu: 	Max phase no-delay instances is 400.
Aug 26 04:48:31 skywalker kernel: smp: Bringing up secondary CPUs ...
Aug 26 04:48:31 skywalker kernel: x86: Booting SMP configuration:
Aug 26 04:48:31 skywalker kernel: .... node  #0, CPUs:        #1  #2  #3  #4  #5  #6  #7  #8  #9 #10 #11 #12
Aug 26 04:48:31 skywalker kernel: MDS CPU bug present and SMT on, data leak possible. See https://www.kernel.org/doc/html/latest/admin-guide/hw-vuln/mds.html for more details.
Aug 26 04:48:31 skywalker kernel: MMIO Stale Data CPU bug present and SMT on, data leak possible. See https://www.kernel.org/doc/html/latest/admin-guide/hw-vuln/processor_mmio_stale_data.html for more details.
Aug 26 04:48:31 skywalker kernel: #13 #14 #15 #16 #17 #18 #19 #20 #21 #22 #23
Aug 26 04:48:31 skywalker kernel: smp: Brought up 1 node, 24 CPUs
Aug 26 04:48:31 skywalker kernel: smpboot: Max logical packages: 1
Aug 26 04:48:31 skywalker kernel: smpboot: Total of 24 processors activated (115196.11 BogoMIPS)
Aug 26 04:48:31 skywalker kernel: devtmpfs: initialized
Aug 26 04:48:31 skywalker kernel: x86/mm: Memory block size: 2048MB
Aug 26 04:48:31 skywalker kernel: ACPI: PM: Registering ACPI NVS region [mem 0x7a259000-0x7b05ffff] (14708736 bytes)
Aug 26 04:48:31 skywalker kernel: clocksource: jiffies: mask: 0xffffffff max_cycles: 0xffffffff, max_idle_ns: 1911260446275000 ns
Aug 26 04:48:31 skywalker kernel: futex hash table entries: 8192 (order: 7, 524288 bytes, linear)
Aug 26 04:48:31 skywalker kernel: pinctrl core: initialized pinctrl subsystem
Aug 26 04:48:31 skywalker kernel: NET: Registered PF_NETLINK/PF_ROUTE protocol family
Aug 26 04:48:31 skywalker kernel: thermal_sys: Registered thermal governor 'fair_share'
Aug 26 04:48:31 skywalker kernel: thermal_sys: Registered thermal governor 'bang_bang'
Aug 26 04:48:31 skywalker kernel: thermal_sys: Registered thermal governor 'step_wise'
Aug 26 04:48:31 skywalker kernel: thermal_sys: Registered thermal governor 'user_space'
Aug 26 04:48:31 skywalker kernel: cpuidle: using governor ladder
Aug 26 04:48:31 skywalker kernel: cpuidle: using governor menu
Aug 26 04:48:31 skywalker kernel: ACPI FADT declares the system doesn't support PCIe ASPM, so disable it
Aug 26 04:48:31 skywalker kernel: PCI: MMCONFIG for domain 0000 [bus 00-ff] at [mem 0x80000000-0x8fffffff] (base 0x80000000)
Aug 26 04:48:31 skywalker kernel: PCI: MMCONFIG at [mem 0x80000000-0x8fffffff] reserved in E820
Aug 26 04:48:31 skywalker kernel: PCI: Using configuration type 1 for base access
Aug 26 04:48:31 skywalker kernel: core: PMU erratum BJ122, BV98, HSD29 worked around, HT is on
Aug 26 04:48:31 skywalker kernel: ENERGY_PERF_BIAS: Set to 'normal', was 'performance'
Aug 26 04:48:31 skywalker kernel: kprobes: kprobe jump-optimization is enabled. All kprobes are optimized if possible.
Aug 26 04:48:31 skywalker kernel: HugeTLB: registered 1.00 GiB page size, pre-allocated 0 pages
Aug 26 04:48:31 skywalker kernel: HugeTLB: 16380 KiB vmemmap can be freed for a 1.00 GiB page
Aug 26 04:48:31 skywalker kernel: HugeTLB: registered 2.00 MiB page size, pre-allocated 0 pages
Aug 26 04:48:31 skywalker kernel: HugeTLB: 28 KiB vmemmap can be freed for a 2.00 MiB page
Aug 26 04:48:31 skywalker kernel: raid6: avx2x4   gen() 22435 MB/s
Aug 26 04:48:31 skywalker kernel: raid6: avx2x2   gen() 21722 MB/s
Aug 26 04:48:31 skywalker kernel: raid6: avx2x1   gen() 17050 MB/s
Aug 26 04:48:31 skywalker kernel: raid6: using algorithm avx2x4 gen() 22435 MB/s
Aug 26 04:48:31 skywalker kernel: raid6: .... xor() 9014 MB/s, rmw enabled
Aug 26 04:48:31 skywalker kernel: raid6: using avx2x2 recovery algorithm
Aug 26 04:48:31 skywalker kernel: ACPI: Added _OSI(Module Device)
Aug 26 04:48:31 skywalker kernel: ACPI: Added _OSI(Processor Device)
Aug 26 04:48:31 skywalker kernel: ACPI: Added _OSI(3.0 _SCP Extensions)
Aug 26 04:48:31 skywalker kernel: ACPI: Added _OSI(Processor Aggregator Device)
Aug 26 04:48:31 skywalker kernel: ACPI: 3 ACPI AML tables successfully acquired and loaded
Aug 26 04:48:31 skywalker kernel: ACPI: [Firmware Bug]: BIOS _OSI(Linux) query ignored
Aug 26 04:48:31 skywalker kernel: ACPI: Interpreter enabled
Aug 26 04:48:31 skywalker kernel: ACPI: PM: (supports S0 S5)
Aug 26 04:48:31 skywalker kernel: ACPI: Using IOAPIC for interrupt routing
Aug 26 04:48:31 skywalker kernel: PCI: Using host bridge windows from ACPI; if necessary, use "pci=nocrs" and report a bug
Aug 26 04:48:31 skywalker kernel: PCI: Using E820 reservations for host bridge windows
Aug 26 04:48:31 skywalker kernel: ACPI: Enabled 4 GPEs in block 00 to 3F
Aug 26 04:48:31 skywalker kernel: ACPI: PCI Root Bridge [UNC0] (domain 0000 [bus ff])
Aug 26 04:48:31 skywalker kernel: acpi PNP0A03:03: _OSC: OS supports [ExtendedConfig ASPM ClockPM Segments MSI HPX-Type3]
Aug 26 04:48:31 skywalker kernel: acpi PNP0A03:03: _OSC: platform does not support [LTR]
Aug 26 04:48:31 skywalker kernel: acpi PNP0A03:03: _OSC: OS now controls [PME AER PCIeCapability]
Aug 26 04:48:31 skywalker kernel: acpi PNP0A03:03: FADT indicates ASPM is unsupported, using BIOS configuration
Aug 26 04:48:31 skywalker kernel: PCI host bridge to bus 0000:ff
Aug 26 04:48:31 skywalker kernel: pci_bus 0000:ff: root bus resource [bus ff]
Aug 26 04:48:31 skywalker kernel: pci 0000:ff:0b.0: [8086:2f81] type 00 class 0x088000
Aug 26 04:48:31 skywalker kernel: pci 0000:ff:0b.1: [8086:2f36] type 00 class 0x110100
Aug 26 04:48:31 skywalker kernel: pci 0000:ff:0b.2: [8086:2f37] type 00 class 0x110100
Aug 26 04:48:31 skywalker kernel: pci 0000:ff:0c.0: [8086:2fe0] type 00 class 0x088000
Aug 26 04:48:31 skywalker kernel: pci 0000:ff:0c.1: [8086:2fe1] type 00 class 0x088000
Aug 26 04:48:31 skywalker kernel: pci 0000:ff:0c.2: [8086:2fe2] type 00 class 0x088000
Aug 26 04:48:31 skywalker kernel: pci 0000:ff:0c.3: [8086:2fe3] type 00 class 0x088000
Aug 26 04:48:31 skywalker kernel: pci 0000:ff:0c.4: [8086:2fe4] type 00 class 0x088000
Aug 26 04:48:31 skywalker kernel: pci 0000:ff:0c.5: [8086:2fe5] type 00 class 0x088000
Aug 26 04:48:31 skywalker kernel: pci 0000:ff:0c.6: [8086:2fe6] type 00 class 0x088000
Aug 26 04:48:31 skywalker kernel: pci 0000:ff:0c.7: [8086:2fe7] type 00 class 0x088000
Aug 26 04:48:31 skywalker kernel: pci 0000:ff:0d.0: [8086:2fe8] type 00 class 0x088000
Aug 26 04:48:31 skywalker kernel: pci 0000:ff:0d.1: [8086:2fe9] type 00 class 0x088000
Aug 26 04:48:31 skywalker kernel: pci 0000:ff:0d.2: [8086:2fea] type 00 class 0x088000
Aug 26 04:48:31 skywalker kernel: pci 0000:ff:0d.3: [8086:2feb] type 00 class 0x088000
Aug 26 04:48:31 skywalker kernel: pci 0000:ff:0f.0: [8086:2ff8] type 00 class 0x088000
Aug 26 04:48:31 skywalker kernel: pci 0000:ff:0f.1: [8086:2ff9] type 00 class 0x088000
Aug 26 04:48:31 skywalker kernel: pci 0000:ff:0f.2: [8086:2ffa] type 00 class 0x088000
Aug 26 04:48:31 skywalker kernel: pci 0000:ff:0f.3: [8086:2ffb] type 00 class 0x088000
Aug 26 04:48:31 skywalker kernel: pci 0000:ff:0f.4: [8086:2ffc] type 00 class 0x088000
Aug 26 04:48:31 skywalker kernel: pci 0000:ff:0f.5: [8086:2ffd] type 00 class 0x088000
Aug 26 04:48:31 skywalker kernel: pci 0000:ff:0f.6: [8086:2ffe] type 00 class 0x088000
Aug 26 04:48:31 skywalker kernel: pci 0000:ff:10.0: [8086:2f1d] type 00 class 0x088000
Aug 26 04:48:31 skywalker kernel: pci 0000:ff:10.1: [8086:2f34] type 00 class 0x110100
Aug 26 04:48:31 skywalker kernel: pci 0000:ff:10.5: [8086:2f1e] type 00 class 0x088000
Aug 26 04:48:31 skywalker kernel: pci 0000:ff:10.6: [8086:2f7d] type 00 class 0x110100
Aug 26 04:48:31 skywalker kernel: pci 0000:ff:10.7: [8086:2f1f] type 00 class 0x088000
Aug 26 04:48:31 skywalker kernel: pci 0000:ff:12.0: [8086:2fa0] type 00 class 0x088000
Aug 26 04:48:31 skywalker kernel: pci 0000:ff:12.1: [8086:2f30] type 00 class 0x110100
Aug 26 04:48:31 skywalker kernel: pci 0000:ff:12.4: [8086:2f60] type 00 class 0x088000
Aug 26 04:48:31 skywalker kernel: pci 0000:ff:12.5: [8086:2f38] type 00 class 0x110100
Aug 26 04:48:31 skywalker kernel: pci 0000:ff:13.0: [8086:2fa8] type 00 class 0x088000
Aug 26 04:48:31 skywalker kernel: pci 0000:ff:13.1: [8086:2f71] type 00 class 0x088000
Aug 26 04:48:31 skywalker kernel: pci 0000:ff:13.2: [8086:2faa] type 00 class 0x088000
Aug 26 04:48:31 skywalker kernel: pci 0000:ff:13.3: [8086:2fab] type 00 class 0x088000
Aug 26 04:48:31 skywalker kernel: pci 0000:ff:13.6: [8086:2fae] type 00 class 0x088000
Aug 26 04:48:31 skywalker kernel: pci 0000:ff:13.7: [8086:2faf] type 00 class 0x088000
Aug 26 04:48:31 skywalker kernel: pci 0000:ff:14.0: [8086:2fb0] type 00 class 0x088000
Aug 26 04:48:31 skywalker kernel: pci 0000:ff:14.1: [8086:2fb1] type 00 class 0x088000
Aug 26 04:48:31 skywalker kernel: pci 0000:ff:14.2: [8086:2fb2] type 00 class 0x088000
Aug 26 04:48:31 skywalker kernel: pci 0000:ff:14.3: [8086:2fb3] type 00 class 0x088000
Aug 26 04:48:31 skywalker kernel: pci 0000:ff:14.4: [8086:2fbc] type 00 class 0x088000
Aug 26 04:48:31 skywalker kernel: pci 0000:ff:14.5: [8086:2fbd] type 00 class 0x088000
Aug 26 04:48:31 skywalker kernel: pci 0000:ff:14.6: [8086:2fbe] type 00 class 0x088000
Aug 26 04:48:31 skywalker kernel: pci 0000:ff:14.7: [8086:2fbf] type 00 class 0x088000
Aug 26 04:48:31 skywalker kernel: pci 0000:ff:16.0: [8086:2f68] type 00 class 0x088000
Aug 26 04:48:31 skywalker kernel: pci 0000:ff:16.1: [8086:2f79] type 00 class 0x088000
Aug 26 04:48:31 skywalker kernel: pci 0000:ff:16.2: [8086:2f6a] type 00 class 0x088000
Aug 26 04:48:31 skywalker kernel: pci 0000:ff:16.3: [8086:2f6b] type 00 class 0x088000
Aug 26 04:48:31 skywalker kernel: pci 0000:ff:16.6: [8086:2f6e] type 00 class 0x088000
Aug 26 04:48:31 skywalker kernel: pci 0000:ff:16.7: [8086:2f6f] type 00 class 0x088000
Aug 26 04:48:31 skywalker kernel: pci 0000:ff:17.0: [8086:2fd0] type 00 class 0x088000
Aug 26 04:48:31 skywalker kernel: pci 0000:ff:17.1: [8086:2fd1] type 00 class 0x088000
Aug 26 04:48:31 skywalker kernel: pci 0000:ff:17.2: [8086:2fd2] type 00 class 0x088000
Aug 26 04:48:31 skywalker kernel: pci 0000:ff:17.3: [8086:2fd3] type 00 class 0x088000
Aug 26 04:48:31 skywalker kernel: pci 0000:ff:17.4: [8086:2fb8] type 00 class 0x088000
Aug 26 04:48:31 skywalker kernel: pci 0000:ff:17.5: [8086:2fb9] type 00 class 0x088000
Aug 26 04:48:31 skywalker kernel: pci 0000:ff:17.6: [8086:2fba] type 00 class 0x088000
Aug 26 04:48:31 skywalker kernel: pci 0000:ff:17.7: [8086:2fbb] type 00 class 0x088000
Aug 26 04:48:31 skywalker kernel: pci 0000:ff:1e.0: [8086:2f98] type 00 class 0x088000
Aug 26 04:48:31 skywalker kernel: pci 0000:ff:1e.1: [8086:2f99] type 00 class 0x088000
Aug 26 04:48:31 skywalker kernel: pci 0000:ff:1e.2: [8086:2f9a] type 00 class 0x088000
Aug 26 04:48:31 skywalker kernel: pci 0000:ff:1e.3: [8086:2fc0] type 00 class 0x088000
Aug 26 04:48:31 skywalker kernel: pci 0000:ff:1e.4: [8086:2f9c] type 00 class 0x088000
Aug 26 04:48:31 skywalker kernel: pci 0000:ff:1f.0: [8086:2f88] type 00 class 0x088000
Aug 26 04:48:31 skywalker kernel: pci 0000:ff:1f.2: [8086:2f8a] type 00 class 0x088000
Aug 26 04:48:31 skywalker kernel: ACPI: PCI Root Bridge [PCI0] (domain 0000 [bus 00-fe])
Aug 26 04:48:31 skywalker kernel: acpi PNP0A08:00: _OSC: OS supports [ExtendedConfig ASPM ClockPM Segments MSI HPX-Type3]
Aug 26 04:48:31 skywalker kernel: acpi PNP0A08:00: _OSC: platform does not support [LTR]
Aug 26 04:48:31 skywalker kernel: acpi PNP0A08:00: _OSC: OS now controls [PME AER PCIeCapability]
Aug 26 04:48:31 skywalker kernel: acpi PNP0A08:00: FADT indicates ASPM is unsupported, using BIOS configuration
Aug 26 04:48:31 skywalker kernel: PCI host bridge to bus 0000:00
Aug 26 04:48:31 skywalker kernel: pci_bus 0000:00: root bus resource [io  0x0000-0x0cf7 window]
Aug 26 04:48:31 skywalker kernel: pci_bus 0000:00: root bus resource [io  0x1000-0xffff window]
Aug 26 04:48:31 skywalker kernel: pci_bus 0000:00: root bus resource [mem 0x000a0000-0x000bffff window]
Aug 26 04:48:31 skywalker kernel: pci_bus 0000:00: root bus resource [mem 0x90000000-0xfbffbfff window]
Aug 26 04:48:31 skywalker kernel: pci_bus 0000:00: root bus resource [mem 0x380000000000-0x383fffffffff window]
Aug 26 04:48:31 skywalker kernel: pci_bus 0000:00: root bus resource [bus 00-fe]
Aug 26 04:48:31 skywalker kernel: pci 0000:00:00.0: [8086:2f00] type 00 class 0x060000
Aug 26 04:48:31 skywalker kernel: pci 0000:00:01.0: [8086:2f02] type 01 class 0x060400
Aug 26 04:48:31 skywalker kernel: pci 0000:00:01.0: PME# supported from D0 D3hot D3cold
Aug 26 04:48:31 skywalker kernel: pci 0000:00:01.1: [8086:2f03] type 01 class 0x060400
Aug 26 04:48:31 skywalker kernel: pci 0000:00:01.1: PME# supported from D0 D3hot D3cold
Aug 26 04:48:31 skywalker kernel: pci 0000:00:02.0: [8086:2f04] type 01 class 0x060400
Aug 26 04:48:31 skywalker kernel: pci 0000:00:02.0: PME# supported from D0 D3hot D3cold
Aug 26 04:48:31 skywalker kernel: pci 0000:00:03.0: [8086:2f08] type 01 class 0x060400
Aug 26 04:48:31 skywalker kernel: pci 0000:00:03.0: PME# supported from D0 D3hot D3cold
Aug 26 04:48:31 skywalker kernel: pci 0000:00:05.0: [8086:2f28] type 00 class 0x088000
Aug 26 04:48:31 skywalker kernel: pci 0000:00:05.1: [8086:2f29] type 00 class 0x088000
Aug 26 04:48:31 skywalker kernel: pci 0000:00:05.2: [8086:2f2a] type 00 class 0x088000
Aug 26 04:48:31 skywalker kernel: pci 0000:00:05.4: [8086:2f2c] type 00 class 0x080020
Aug 26 04:48:31 skywalker kernel: pci 0000:00:05.4: reg 0x10: [mem 0xfbf1a000-0xfbf1afff]
Aug 26 04:48:31 skywalker kernel: pci 0000:00:11.0: [8086:8d7c] type 00 class 0xff0000
Aug 26 04:48:31 skywalker kernel: pci 0000:00:11.4: [8086:8d62] type 00 class 0x010601
Aug 26 04:48:31 skywalker kernel: pci 0000:00:11.4: reg 0x10: [io  0xf0b0-0xf0b7]
Aug 26 04:48:31 skywalker kernel: pci 0000:00:11.4: reg 0x14: [io  0xf0a0-0xf0a3]
Aug 26 04:48:31 skywalker kernel: pci 0000:00:11.4: reg 0x18: [io  0xf090-0xf097]
Aug 26 04:48:31 skywalker kernel: pci 0000:00:11.4: reg 0x1c: [io  0xf080-0xf083]
Aug 26 04:48:31 skywalker kernel: pci 0000:00:11.4: reg 0x20: [io  0xf020-0xf03f]
Aug 26 04:48:31 skywalker kernel: pci 0000:00:11.4: reg 0x24: [mem 0xfbf19000-0xfbf197ff]
Aug 26 04:48:31 skywalker kernel: pci 0000:00:11.4: PME# supported from D3hot
Aug 26 04:48:31 skywalker kernel: pci 0000:00:14.0: [8086:8d31] type 00 class 0x0c0330
Aug 26 04:48:31 skywalker kernel: pci 0000:00:14.0: reg 0x10: [mem 0xfbf00000-0xfbf0ffff 64bit]
Aug 26 04:48:31 skywalker kernel: pci 0000:00:14.0: PME# supported from D3hot D3cold
Aug 26 04:48:31 skywalker kernel: pci 0000:00:1a.0: [8086:8d2d] type 00 class 0x0c0320
Aug 26 04:48:31 skywalker kernel: pci 0000:00:1a.0: reg 0x10: [mem 0xfbf18000-0xfbf183ff]
Aug 26 04:48:31 skywalker kernel: pci 0000:00:1a.0: PME# supported from D0 D3hot D3cold
Aug 26 04:48:31 skywalker kernel: pci 0000:00:1b.0: [8086:8d20] type 00 class 0x040300
Aug 26 04:48:31 skywalker kernel: pci 0000:00:1b.0: reg 0x10: [mem 0xfbf10000-0xfbf13fff 64bit]
Aug 26 04:48:31 skywalker kernel: pci 0000:00:1b.0: PME# supported from D0 D3hot D3cold
Aug 26 04:48:31 skywalker kernel: pci 0000:00:1c.0: [8086:8d10] type 01 class 0x060400
Aug 26 04:48:31 skywalker kernel: pci 0000:00:1c.0: PME# supported from D0 D3hot D3cold
Aug 26 04:48:31 skywalker kernel: pci 0000:00:1c.0: Enabling MPC IRBNCE
Aug 26 04:48:31 skywalker kernel: pci 0000:00:1c.0: Intel PCH root port ACS workaround enabled
Aug 26 04:48:31 skywalker kernel: pci 0000:00:1c.2: [8086:8d14] type 01 class 0x060400
Aug 26 04:48:31 skywalker kernel: pci 0000:00:1c.2: PME# supported from D0 D3hot D3cold
Aug 26 04:48:31 skywalker kernel: pci 0000:00:1c.2: Enabling MPC IRBNCE
Aug 26 04:48:31 skywalker kernel: pci 0000:00:1c.2: Intel PCH root port ACS workaround enabled
Aug 26 04:48:31 skywalker kernel: pci 0000:00:1d.0: [8086:8d26] type 00 class 0x0c0320
Aug 26 04:48:31 skywalker kernel: pci 0000:00:1d.0: reg 0x10: [mem 0xfbf17000-0xfbf173ff]
Aug 26 04:48:31 skywalker kernel: pci 0000:00:1d.0: PME# supported from D0 D3hot D3cold
Aug 26 04:48:31 skywalker kernel: pci 0000:00:1f.0: [8086:8d44] type 00 class 0x060100
Aug 26 04:48:31 skywalker kernel: pci 0000:00:1f.2: [8086:8d02] type 00 class 0x010601
Aug 26 04:48:31 skywalker kernel: pci 0000:00:1f.2: reg 0x10: [io  0xf070-0xf077]
Aug 26 04:48:31 skywalker kernel: pci 0000:00:1f.2: reg 0x14: [io  0xf060-0xf063]
Aug 26 04:48:31 skywalker kernel: pci 0000:00:1f.2: reg 0x18: [io  0xf050-0xf057]
Aug 26 04:48:31 skywalker kernel: pci 0000:00:1f.2: reg 0x1c: [io  0xf040-0xf043]
Aug 26 04:48:31 skywalker kernel: pci 0000:00:1f.2: reg 0x20: [io  0xf000-0xf01f]
Aug 26 04:48:31 skywalker kernel: pci 0000:00:1f.2: reg 0x24: [mem 0xfbf16000-0xfbf167ff]
Aug 26 04:48:31 skywalker kernel: pci 0000:00:1f.2: PME# supported from D3hot
Aug 26 04:48:31 skywalker kernel: pci 0000:00:1f.3: [8086:8d22] type 00 class 0x0c0500
Aug 26 04:48:31 skywalker kernel: pci 0000:00:1f.3: reg 0x10: [mem 0xfbf15000-0xfbf150ff 64bit]
Aug 26 04:48:31 skywalker kernel: pci 0000:00:1f.3: reg 0x20: [io  0x0580-0x059f]
Aug 26 04:48:31 skywalker kernel: pci 0000:00:01.0: PCI bridge to [bus 01]
Aug 26 04:48:31 skywalker kernel: pci 0000:02:00.0: [1e4b:1202] type 00 class 0x010802
Aug 26 04:48:31 skywalker kernel: pci 0000:02:00.0: reg 0x10: [mem 0xfbe00000-0xfbe03fff 64bit]
Aug 26 04:48:31 skywalker kernel: pci 0000:02:00.0: PME# supported from D0 D3hot D3cold
Aug 26 04:48:31 skywalker kernel: pci 0000:00:01.1: PCI bridge to [bus 02]
Aug 26 04:48:31 skywalker kernel: pci 0000:00:01.1:   bridge window [mem 0xfbe00000-0xfbefffff]
Aug 26 04:48:31 skywalker kernel: pci 0000:03:00.0: [1002:699f] type 00 class 0x030000
Aug 26 04:48:31 skywalker kernel: pci 0000:03:00.0: reg 0x10: [mem 0xe0000000-0xefffffff 64bit pref]
Aug 26 04:48:31 skywalker kernel: pci 0000:03:00.0: reg 0x18: [mem 0xf0000000-0xf01fffff 64bit pref]
Aug 26 04:48:31 skywalker kernel: pci 0000:03:00.0: reg 0x20: [io  0xe000-0xe0ff]
Aug 26 04:48:31 skywalker kernel: pci 0000:03:00.0: reg 0x24: [mem 0xfbd00000-0xfbd3ffff]
Aug 26 04:48:31 skywalker kernel: pci 0000:03:00.0: reg 0x30: [mem 0xfbd40000-0xfbd5ffff pref]
Aug 26 04:48:31 skywalker kernel: pci 0000:03:00.0: enabling Extended Tags
Aug 26 04:48:31 skywalker kernel: pci 0000:03:00.0: BAR 0: assigned to efifb
Aug 26 04:48:31 skywalker kernel: pci 0000:03:00.0: Video device with shadowed ROM at [mem 0x000c0000-0x000dffff]
Aug 26 04:48:31 skywalker kernel: pci 0000:03:00.0: supports D1 D2
Aug 26 04:48:31 skywalker kernel: pci 0000:03:00.0: PME# supported from D1 D2 D3hot D3cold
Aug 26 04:48:31 skywalker kernel: pci 0000:03:00.1: [1002:aae0] type 00 class 0x040300
Aug 26 04:48:31 skywalker kernel: pci 0000:03:00.1: reg 0x10: [mem 0xfbd60000-0xfbd63fff 64bit]
Aug 26 04:48:31 skywalker kernel: pci 0000:03:00.1: enabling Extended Tags
Aug 26 04:48:31 skywalker kernel: pci 0000:03:00.1: supports D1 D2
Aug 26 04:48:31 skywalker kernel: pci 0000:00:02.0: ASPM: current common clock configuration is inconsistent, reconfiguring
Aug 26 04:48:31 skywalker kernel: pci 0000:00:02.0: PCI bridge to [bus 03]
Aug 26 04:48:31 skywalker kernel: pci 0000:00:02.0:   bridge window [io  0xe000-0xefff]
Aug 26 04:48:31 skywalker kernel: pci 0000:00:02.0:   bridge window [mem 0xfbd00000-0xfbdfffff]
Aug 26 04:48:31 skywalker kernel: pci 0000:00:02.0:   bridge window [mem 0xe0000000-0xf01fffff 64bit pref]
Aug 26 04:48:31 skywalker kernel: pci 0000:00:03.0: PCI bridge to [bus 04]
Aug 26 04:48:31 skywalker kernel: pci 0000:00:1c.0: PCI bridge to [bus 05]
Aug 26 04:48:31 skywalker kernel: pci 0000:06:00.0: [10ec:8168] type 00 class 0x020000
Aug 26 04:48:31 skywalker kernel: pci 0000:06:00.0: reg 0x10: [io  0xd000-0xd0ff]
Aug 26 04:48:31 skywalker kernel: pci 0000:06:00.0: reg 0x18: [mem 0xfbc04000-0xfbc04fff 64bit]
Aug 26 04:48:31 skywalker kernel: pci 0000:06:00.0: reg 0x20: [mem 0xfbc00000-0xfbc03fff 64bit]
Aug 26 04:48:31 skywalker kernel: pci 0000:06:00.0: supports D1 D2
Aug 26 04:48:31 skywalker kernel: pci 0000:06:00.0: PME# supported from D0 D1 D2 D3hot D3cold
Aug 26 04:48:31 skywalker kernel: pci 0000:00:1c.2: PCI bridge to [bus 06]
Aug 26 04:48:31 skywalker kernel: pci 0000:00:1c.2:   bridge window [io  0xd000-0xdfff]
Aug 26 04:48:31 skywalker kernel: pci 0000:00:1c.2:   bridge window [mem 0xfbc00000-0xfbcfffff]
Aug 26 04:48:31 skywalker kernel: pci_bus 0000:00: on NUMA node 0
Aug 26 04:48:31 skywalker kernel: ACPI: PCI: Interrupt link LNKA configured for IRQ 11
Aug 26 04:48:31 skywalker kernel: ACPI: PCI: Interrupt link LNKB configured for IRQ 10
Aug 26 04:48:31 skywalker kernel: ACPI: PCI: Interrupt link LNKC configured for IRQ 3
Aug 26 04:48:31 skywalker kernel: ACPI: PCI: Interrupt link LNKD configured for IRQ 5
Aug 26 04:48:31 skywalker kernel: ACPI: PCI: Interrupt link LNKE configured for IRQ 0
Aug 26 04:48:31 skywalker kernel: ACPI: PCI: Interrupt link LNKE disabled
Aug 26 04:48:31 skywalker kernel: ACPI: PCI: Interrupt link LNKF configured for IRQ 0
Aug 26 04:48:31 skywalker kernel: ACPI: PCI: Interrupt link LNKF disabled
Aug 26 04:48:31 skywalker kernel: ACPI: PCI: Interrupt link LNKG configured for IRQ 7
Aug 26 04:48:31 skywalker kernel: ACPI: PCI: Interrupt link LNKH configured for IRQ 0
Aug 26 04:48:31 skywalker kernel: ACPI: PCI: Interrupt link LNKH disabled
Aug 26 04:48:31 skywalker kernel: iommu: Default domain type: Passthrough 
Aug 26 04:48:31 skywalker kernel: SCSI subsystem initialized
Aug 26 04:48:31 skywalker kernel: libata version 3.00 loaded.
Aug 26 04:48:31 skywalker kernel: ACPI: bus type USB registered
Aug 26 04:48:31 skywalker kernel: usbcore: registered new interface driver usbfs
Aug 26 04:48:31 skywalker kernel: usbcore: registered new interface driver hub
Aug 26 04:48:31 skywalker kernel: usbcore: registered new device driver usb
Aug 26 04:48:31 skywalker kernel: pps_core: LinuxPPS API ver. 1 registered
Aug 26 04:48:31 skywalker kernel: pps_core: Software ver. 5.3.6 - Copyright 2005-2007 Rodolfo Giometti <giometti@linux.it>
Aug 26 04:48:31 skywalker kernel: PTP clock support registered
Aug 26 04:48:31 skywalker kernel: Registered efivars operations
Aug 26 04:48:31 skywalker kernel: PCI: Using ACPI for IRQ routing
Aug 26 04:48:31 skywalker kernel: PCI: pci_cache_line_size set to 64 bytes
Aug 26 04:48:31 skywalker kernel: e820: reserve RAM buffer [mem 0x6ee4e018-0x6fffffff]
Aug 26 04:48:31 skywalker kernel: e820: reserve RAM buffer [mem 0x6ee5d018-0x6fffffff]
Aug 26 04:48:31 skywalker kernel: e820: reserve RAM buffer [mem 0x75485000-0x77ffffff]
Aug 26 04:48:31 skywalker kernel: e820: reserve RAM buffer [mem 0x794a1000-0x7bffffff]
Aug 26 04:48:31 skywalker kernel: e820: reserve RAM buffer [mem 0x7b593000-0x7bffffff]
Aug 26 04:48:31 skywalker kernel: pci 0000:03:00.0: vgaarb: setting as boot VGA device
Aug 26 04:48:31 skywalker kernel: pci 0000:03:00.0: vgaarb: bridge control possible
Aug 26 04:48:31 skywalker kernel: pci 0000:03:00.0: vgaarb: VGA device added: decodes=io+mem,owns=io+mem,locks=none
Aug 26 04:48:31 skywalker kernel: vgaarb: loaded
Aug 26 04:48:31 skywalker kernel: hpet0: at MMIO 0xfed00000, IRQs 2, 8, 0, 0, 0, 0, 0, 0
Aug 26 04:48:31 skywalker kernel: hpet0: 8 comparators, 64-bit 14.318180 MHz counter
Aug 26 04:48:31 skywalker kernel: clocksource: Switched to clocksource tsc-early
Aug 26 04:48:31 skywalker kernel: FS-Cache: Loaded
Aug 26 04:48:31 skywalker kernel: pnp: PnP ACPI init
Aug 26 04:48:31 skywalker kernel: system 00:01: [io  0x0500-0x057f] has been reserved
Aug 26 04:48:31 skywalker kernel: system 00:01: [io  0x0400-0x047f] has been reserved
Aug 26 04:48:31 skywalker kernel: system 00:01: [io  0x0580-0x059f] has been reserved
Aug 26 04:48:31 skywalker kernel: system 00:01: [io  0x0600-0x061f] has been reserved
Aug 26 04:48:31 skywalker kernel: system 00:01: [io  0x0880-0x0883] has been reserved
Aug 26 04:48:31 skywalker kernel: system 00:01: [io  0x0800-0x081f] has been reserved
Aug 26 04:48:31 skywalker kernel: system 00:01: [mem 0xfed1c000-0xfed3ffff] has been reserved
Aug 26 04:48:31 skywalker kernel: system 00:01: [mem 0xfed45000-0xfed8bfff] has been reserved
Aug 26 04:48:31 skywalker kernel: system 00:01: [mem 0xff000000-0xffffffff] has been reserved
Aug 26 04:48:31 skywalker kernel: system 00:01: [mem 0xfee00000-0xfeefffff] has been reserved
Aug 26 04:48:31 skywalker kernel: system 00:01: [mem 0xfed12000-0xfed1200f] has been reserved
Aug 26 04:48:31 skywalker kernel: system 00:01: [mem 0xfed12010-0xfed1201f] has been reserved
Aug 26 04:48:31 skywalker kernel: system 00:01: [mem 0xfed1b000-0xfed1bfff] has been reserved
Aug 26 04:48:31 skywalker kernel: system 00:02: [io  0x0a00-0x0a0f] has been reserved
Aug 26 04:48:31 skywalker kernel: system 00:02: [io  0x0a10-0x0a1f] has been reserved
Aug 26 04:48:31 skywalker kernel: system 00:02: [io  0x0a20-0x0a2f] has been reserved
Aug 26 04:48:31 skywalker kernel: system 00:02: [io  0x0a30-0x0a3f] has been reserved
Aug 26 04:48:31 skywalker kernel: pnp 00:05: [dma 0 disabled]
Aug 26 04:48:31 skywalker kernel: pnp: PnP ACPI: found 6 devices
Aug 26 04:48:31 skywalker kernel: clocksource: acpi_pm: mask: 0xffffff max_cycles: 0xffffff, max_idle_ns: 2085701024 ns
Aug 26 04:48:31 skywalker kernel: NET: Registered PF_INET protocol family
Aug 26 04:48:31 skywalker kernel: IP idents hash table entries: 262144 (order: 9, 2097152 bytes, linear)
Aug 26 04:48:31 skywalker kernel: tcp_listen_portaddr_hash hash table entries: 32768 (order: 7, 524288 bytes, linear)
Aug 26 04:48:31 skywalker kernel: Table-perturb hash table entries: 65536 (order: 6, 262144 bytes, linear)
Aug 26 04:48:31 skywalker kernel: TCP established hash table entries: 524288 (order: 10, 4194304 bytes, linear)
Aug 26 04:48:31 skywalker kernel: TCP bind hash table entries: 65536 (order: 9, 2097152 bytes, linear)
Aug 26 04:48:31 skywalker kernel: TCP: Hash tables configured (established 524288 bind 65536)
Aug 26 04:48:31 skywalker kernel: UDP hash table entries: 32768 (order: 8, 1048576 bytes, linear)
Aug 26 04:48:31 skywalker kernel: UDP-Lite hash table entries: 32768 (order: 8, 1048576 bytes, linear)
Aug 26 04:48:31 skywalker kernel: pci 0000:00:1c.0: bridge window [io  0x1000-0x0fff] to [bus 05] add_size 1000
Aug 26 04:48:31 skywalker kernel: pci 0000:00:1c.0: bridge window [mem 0x00100000-0x000fffff 64bit pref] to [bus 05] add_size 200000 add_align 100000
Aug 26 04:48:31 skywalker kernel: pci 0000:00:1c.0: bridge window [mem 0x00100000-0x000fffff] to [bus 05] add_size 200000 add_align 100000
Aug 26 04:48:31 skywalker kernel: pci 0000:00:1c.0: BAR 14: assigned [mem 0x90000000-0x901fffff]
Aug 26 04:48:31 skywalker kernel: pci 0000:00:1c.0: BAR 15: assigned [mem 0x380000000000-0x3800001fffff 64bit pref]
Aug 26 04:48:31 skywalker kernel: pci 0000:00:1c.0: BAR 13: assigned [io  0x1000-0x1fff]
Aug 26 04:48:31 skywalker kernel: pci 0000:00:01.0: PCI bridge to [bus 01]
Aug 26 04:48:31 skywalker kernel: pci 0000:00:01.1: PCI bridge to [bus 02]
Aug 26 04:48:31 skywalker kernel: pci 0000:00:01.1:   bridge window [mem 0xfbe00000-0xfbefffff]
Aug 26 04:48:31 skywalker kernel: pci 0000:00:02.0: PCI bridge to [bus 03]
Aug 26 04:48:31 skywalker kernel: pci 0000:00:02.0:   bridge window [io  0xe000-0xefff]
Aug 26 04:48:31 skywalker kernel: pci 0000:00:02.0:   bridge window [mem 0xfbd00000-0xfbdfffff]
Aug 26 04:48:31 skywalker kernel: pci 0000:00:02.0:   bridge window [mem 0xe0000000-0xf01fffff 64bit pref]
Aug 26 04:48:31 skywalker kernel: pci 0000:00:03.0: PCI bridge to [bus 04]
Aug 26 04:48:31 skywalker kernel: pci 0000:00:1c.0: PCI bridge to [bus 05]
Aug 26 04:48:31 skywalker kernel: pci 0000:00:1c.0:   bridge window [io  0x1000-0x1fff]
Aug 26 04:48:31 skywalker kernel: pci 0000:00:1c.0:   bridge window [mem 0x90000000-0x901fffff]
Aug 26 04:48:31 skywalker kernel: pci 0000:00:1c.0:   bridge window [mem 0x380000000000-0x3800001fffff 64bit pref]
Aug 26 04:48:31 skywalker kernel: pci 0000:00:1c.2: PCI bridge to [bus 06]
Aug 26 04:48:31 skywalker kernel: pci 0000:00:1c.2:   bridge window [io  0xd000-0xdfff]
Aug 26 04:48:31 skywalker kernel: pci 0000:00:1c.2:   bridge window [mem 0xfbc00000-0xfbcfffff]
Aug 26 04:48:31 skywalker kernel: pci_bus 0000:00: resource 4 [io  0x0000-0x0cf7 window]
Aug 26 04:48:31 skywalker kernel: pci_bus 0000:00: resource 5 [io  0x1000-0xffff window]
Aug 26 04:48:31 skywalker kernel: pci_bus 0000:00: resource 6 [mem 0x000a0000-0x000bffff window]
Aug 26 04:48:31 skywalker kernel: pci_bus 0000:00: resource 7 [mem 0x90000000-0xfbffbfff window]
Aug 26 04:48:31 skywalker kernel: pci_bus 0000:00: resource 8 [mem 0x380000000000-0x383fffffffff window]
Aug 26 04:48:31 skywalker kernel: pci_bus 0000:02: resource 1 [mem 0xfbe00000-0xfbefffff]
Aug 26 04:48:31 skywalker kernel: pci_bus 0000:03: resource 0 [io  0xe000-0xefff]
Aug 26 04:48:31 skywalker kernel: pci_bus 0000:03: resource 1 [mem 0xfbd00000-0xfbdfffff]
Aug 26 04:48:31 skywalker kernel: pci_bus 0000:03: resource 2 [mem 0xe0000000-0xf01fffff 64bit pref]
Aug 26 04:48:31 skywalker kernel: pci_bus 0000:05: resource 0 [io  0x1000-0x1fff]
Aug 26 04:48:31 skywalker kernel: pci_bus 0000:05: resource 1 [mem 0x90000000-0x901fffff]
Aug 26 04:48:31 skywalker kernel: pci_bus 0000:05: resource 2 [mem 0x380000000000-0x3800001fffff 64bit pref]
Aug 26 04:48:31 skywalker kernel: pci_bus 0000:06: resource 0 [io  0xd000-0xdfff]
Aug 26 04:48:31 skywalker kernel: pci_bus 0000:06: resource 1 [mem 0xfbc00000-0xfbcfffff]
Aug 26 04:48:31 skywalker kernel: pci 0000:00:05.0: disabled boot interrupts on device [8086:2f28]
Aug 26 04:48:31 skywalker kernel: pci 0000:00:14.0: quirk_usb_early_handoff+0x0/0x63b took 10442 usecs
Aug 26 04:48:31 skywalker kernel: pci 0000:00:1a.0: quirk_usb_early_handoff+0x0/0x63b took 16112 usecs
Aug 26 04:48:31 skywalker kernel: pci 0000:00:1d.0: quirk_usb_early_handoff+0x0/0x63b took 16550 usecs
Aug 26 04:48:31 skywalker kernel: pci 0000:02:00.0: CLS mismatch (64 != 32), using 64 bytes
Aug 26 04:48:31 skywalker kernel: pci 0000:03:00.1: D0 power state depends on 0000:03:00.0
Aug 26 04:48:31 skywalker kernel: DMAR: No SATC found
Aug 26 04:48:31 skywalker kernel: DMAR: IOMMU feature sc_support inconsistent
Aug 26 04:48:31 skywalker kernel: DMAR: IOMMU feature dev_iotlb_support inconsistent
Aug 26 04:48:31 skywalker kernel: DMAR: dmar0: Using Queued invalidation
Aug 26 04:48:31 skywalker kernel: DMAR: dmar1: Using Queued invalidation
Aug 26 04:48:31 skywalker kernel: Unpacking initramfs...
Aug 26 04:48:31 skywalker kernel: pci 0000:00:1b.0: Adding to iommu group 0
Aug 26 04:48:31 skywalker kernel: pci 0000:ff:0b.0: Adding to iommu group 1
Aug 26 04:48:31 skywalker kernel: pci 0000:ff:0b.1: Adding to iommu group 1
Aug 26 04:48:31 skywalker kernel: pci 0000:ff:0b.2: Adding to iommu group 1
Aug 26 04:48:31 skywalker kernel: pci 0000:ff:0c.0: Adding to iommu group 2
Aug 26 04:48:31 skywalker kernel: pci 0000:ff:0c.1: Adding to iommu group 2
Aug 26 04:48:31 skywalker kernel: pci 0000:ff:0c.2: Adding to iommu group 2
Aug 26 04:48:31 skywalker kernel: pci 0000:ff:0c.3: Adding to iommu group 2
Aug 26 04:48:31 skywalker kernel: pci 0000:ff:0c.4: Adding to iommu group 2
Aug 26 04:48:31 skywalker kernel: pci 0000:ff:0c.5: Adding to iommu group 2
Aug 26 04:48:31 skywalker kernel: pci 0000:ff:0c.6: Adding to iommu group 2
Aug 26 04:48:31 skywalker kernel: pci 0000:ff:0c.7: Adding to iommu group 2
Aug 26 04:48:31 skywalker kernel: pci 0000:ff:0d.0: Adding to iommu group 3
Aug 26 04:48:31 skywalker kernel: pci 0000:ff:0d.1: Adding to iommu group 3
Aug 26 04:48:31 skywalker kernel: pci 0000:ff:0d.2: Adding to iommu group 3
Aug 26 04:48:31 skywalker kernel: pci 0000:ff:0d.3: Adding to iommu group 3
Aug 26 04:48:31 skywalker kernel: pci 0000:ff:0f.0: Adding to iommu group 4
Aug 26 04:48:31 skywalker kernel: pci 0000:ff:0f.1: Adding to iommu group 4
Aug 26 04:48:31 skywalker kernel: pci 0000:ff:0f.2: Adding to iommu group 4
Aug 26 04:48:31 skywalker kernel: pci 0000:ff:0f.3: Adding to iommu group 4
Aug 26 04:48:31 skywalker kernel: pci 0000:ff:0f.4: Adding to iommu group 4
Aug 26 04:48:31 skywalker kernel: pci 0000:ff:0f.5: Adding to iommu group 4
Aug 26 04:48:31 skywalker kernel: pci 0000:ff:0f.6: Adding to iommu group 4
Aug 26 04:48:31 skywalker kernel: pci 0000:ff:10.0: Adding to iommu group 5
Aug 26 04:48:31 skywalker kernel: pci 0000:ff:10.1: Adding to iommu group 5
Aug 26 04:48:31 skywalker kernel: pci 0000:ff:10.5: Adding to iommu group 5
Aug 26 04:48:31 skywalker kernel: pci 0000:ff:10.6: Adding to iommu group 5
Aug 26 04:48:31 skywalker kernel: pci 0000:ff:10.7: Adding to iommu group 5
Aug 26 04:48:31 skywalker kernel: pci 0000:ff:12.0: Adding to iommu group 6
Aug 26 04:48:31 skywalker kernel: pci 0000:ff:12.1: Adding to iommu group 6
Aug 26 04:48:31 skywalker kernel: pci 0000:ff:12.4: Adding to iommu group 6
Aug 26 04:48:31 skywalker kernel: pci 0000:ff:12.5: Adding to iommu group 6
Aug 26 04:48:31 skywalker kernel: pci 0000:ff:13.0: Adding to iommu group 7
Aug 26 04:48:31 skywalker kernel: pci 0000:ff:13.1: Adding to iommu group 7
Aug 26 04:48:31 skywalker kernel: pci 0000:ff:13.2: Adding to iommu group 7
Aug 26 04:48:31 skywalker kernel: pci 0000:ff:13.3: Adding to iommu group 7
Aug 26 04:48:31 skywalker kernel: pci 0000:ff:13.6: Adding to iommu group 7
Aug 26 04:48:31 skywalker kernel: pci 0000:ff:13.7: Adding to iommu group 7
Aug 26 04:48:31 skywalker kernel: pci 0000:ff:14.0: Adding to iommu group 8
Aug 26 04:48:31 skywalker kernel: pci 0000:ff:14.1: Adding to iommu group 8
Aug 26 04:48:31 skywalker kernel: pci 0000:ff:14.2: Adding to iommu group 8
Aug 26 04:48:31 skywalker kernel: pci 0000:ff:14.3: Adding to iommu group 8
Aug 26 04:48:31 skywalker kernel: pci 0000:ff:14.4: Adding to iommu group 8
Aug 26 04:48:31 skywalker kernel: pci 0000:ff:14.5: Adding to iommu group 8
Aug 26 04:48:31 skywalker kernel: pci 0000:ff:14.6: Adding to iommu group 8
Aug 26 04:48:31 skywalker kernel: pci 0000:ff:14.7: Adding to iommu group 8
Aug 26 04:48:31 skywalker kernel: pci 0000:ff:16.0: Adding to iommu group 9
Aug 26 04:48:31 skywalker kernel: pci 0000:ff:16.1: Adding to iommu group 9
Aug 26 04:48:31 skywalker kernel: pci 0000:ff:16.2: Adding to iommu group 9
Aug 26 04:48:31 skywalker kernel: pci 0000:ff:16.3: Adding to iommu group 9
Aug 26 04:48:31 skywalker kernel: pci 0000:ff:16.6: Adding to iommu group 9
Aug 26 04:48:31 skywalker kernel: pci 0000:ff:16.7: Adding to iommu group 9
Aug 26 04:48:31 skywalker kernel: pci 0000:ff:17.0: Adding to iommu group 10
Aug 26 04:48:31 skywalker kernel: pci 0000:ff:17.1: Adding to iommu group 10
Aug 26 04:48:31 skywalker kernel: pci 0000:ff:17.2: Adding to iommu group 10
Aug 26 04:48:31 skywalker kernel: pci 0000:ff:17.3: Adding to iommu group 10
Aug 26 04:48:31 skywalker kernel: pci 0000:ff:17.4: Adding to iommu group 10
Aug 26 04:48:31 skywalker kernel: pci 0000:ff:17.5: Adding to iommu group 10
Aug 26 04:48:31 skywalker kernel: pci 0000:ff:17.6: Adding to iommu group 10
Aug 26 04:48:31 skywalker kernel: pci 0000:ff:17.7: Adding to iommu group 10
Aug 26 04:48:31 skywalker kernel: pci 0000:ff:1e.0: Adding to iommu group 11
Aug 26 04:48:31 skywalker kernel: pci 0000:ff:1e.1: Adding to iommu group 11
Aug 26 04:48:31 skywalker kernel: pci 0000:ff:1e.2: Adding to iommu group 11
Aug 26 04:48:31 skywalker kernel: pci 0000:ff:1e.3: Adding to iommu group 11
Aug 26 04:48:31 skywalker kernel: pci 0000:ff:1e.4: Adding to iommu group 11
Aug 26 04:48:31 skywalker kernel: pci 0000:ff:1f.0: Adding to iommu group 12
Aug 26 04:48:31 skywalker kernel: pci 0000:ff:1f.2: Adding to iommu group 12
Aug 26 04:48:31 skywalker kernel: pci 0000:00:00.0: Adding to iommu group 13
Aug 26 04:48:31 skywalker kernel: pci 0000:00:01.0: Adding to iommu group 14
Aug 26 04:48:31 skywalker kernel: pci 0000:00:01.1: Adding to iommu group 15
Aug 26 04:48:31 skywalker kernel: pci 0000:00:02.0: Adding to iommu group 16
Aug 26 04:48:31 skywalker kernel: pci 0000:00:03.0: Adding to iommu group 17
Aug 26 04:48:31 skywalker kernel: pci 0000:00:05.0: Adding to iommu group 18
Aug 26 04:48:31 skywalker kernel: pci 0000:00:05.1: Adding to iommu group 19
Aug 26 04:48:31 skywalker kernel: pci 0000:00:05.2: Adding to iommu group 20
Aug 26 04:48:31 skywalker kernel: pci 0000:00:05.4: Adding to iommu group 21
Aug 26 04:48:31 skywalker kernel: pci 0000:00:11.0: Adding to iommu group 22
Aug 26 04:48:31 skywalker kernel: pci 0000:00:11.4: Adding to iommu group 23
Aug 26 04:48:31 skywalker kernel: pci 0000:00:14.0: Adding to iommu group 24
Aug 26 04:48:31 skywalker kernel: pci 0000:00:1a.0: Adding to iommu group 25
Aug 26 04:48:31 skywalker kernel: pci 0000:00:1c.0: Adding to iommu group 26
Aug 26 04:48:31 skywalker kernel: pci 0000:00:1c.2: Adding to iommu group 27
Aug 26 04:48:31 skywalker kernel: pci 0000:00:1d.0: Adding to iommu group 28
Aug 26 04:48:31 skywalker kernel: pci 0000:00:1f.0: Adding to iommu group 29
Aug 26 04:48:31 skywalker kernel: pci 0000:00:1f.2: Adding to iommu group 29
Aug 26 04:48:31 skywalker kernel: pci 0000:00:1f.3: Adding to iommu group 29
Aug 26 04:48:31 skywalker kernel: pci 0000:02:00.0: Adding to iommu group 30
Aug 26 04:48:31 skywalker kernel: pci 0000:03:00.0: Adding to iommu group 31
Aug 26 04:48:31 skywalker kernel: pci 0000:03:00.1: Adding to iommu group 31
Aug 26 04:48:31 skywalker kernel: pci 0000:06:00.0: Adding to iommu group 32
Aug 26 04:48:31 skywalker kernel: DMAR: Intel(R) Virtualization Technology for Directed I/O
Aug 26 04:48:31 skywalker kernel: PCI-DMA: Using software bounce buffering for IO (SWIOTLB)
Aug 26 04:48:31 skywalker kernel: software IO TLB: mapped [mem 0x000000006ae4e000-0x000000006ee4e000] (64MB)
Aug 26 04:48:31 skywalker kernel: workingset: timestamp_bits=40 max_order=24 bucket_order=0
Aug 26 04:48:31 skywalker kernel: squashfs: version 4.0 (2009/01/31) Phillip Lougher
Aug 26 04:48:31 skywalker kernel: fuse: init (API version 7.37)
Aug 26 04:48:31 skywalker kernel: xor: automatically using best checksumming function   avx       
Aug 26 04:48:31 skywalker kernel: Key type asymmetric registered
Aug 26 04:48:31 skywalker kernel: Block layer SCSI generic (bsg) driver version 0.4 loaded (major 249)
Aug 26 04:48:31 skywalker kernel: io scheduler mq-deadline registered
Aug 26 04:48:31 skywalker kernel: io scheduler kyber registered
Aug 26 04:48:31 skywalker kernel: io scheduler bfq registered
Aug 26 04:48:31 skywalker kernel: pcieport 0000:00:01.0: PME: Signaling with IRQ 25
Aug 26 04:48:31 skywalker kernel: pcieport 0000:00:01.0: AER: enabled with IRQ 25
Aug 26 04:48:31 skywalker kernel: pcieport 0000:00:01.1: PME: Signaling with IRQ 26
Aug 26 04:48:31 skywalker kernel: pcieport 0000:00:01.1: AER: enabled with IRQ 26
Aug 26 04:48:31 skywalker kernel: pcieport 0000:00:02.0: PME: Signaling with IRQ 28
Aug 26 04:48:31 skywalker kernel: pcieport 0000:00:02.0: AER: enabled with IRQ 28
Aug 26 04:48:31 skywalker kernel: pcieport 0000:00:03.0: PME: Signaling with IRQ 30
Aug 26 04:48:31 skywalker kernel: pcieport 0000:00:03.0: AER: enabled with IRQ 30
Aug 26 04:48:31 skywalker kernel: pcieport 0000:00:1c.0: PME: Signaling with IRQ 31
Aug 26 04:48:31 skywalker kernel: pcieport 0000:00:1c.2: PME: Signaling with IRQ 32
Aug 26 04:48:31 skywalker kernel: Monitor-Mwait will be used to enter C-1 state
Aug 26 04:48:31 skywalker kernel: Monitor-Mwait will be used to enter C-2 state
Aug 26 04:48:31 skywalker kernel: ACPI: \_SB_.SCK0.CP00: Found 2 idle states
Aug 26 04:48:31 skywalker kernel: IPMI message handler: version 39.2
Aug 26 04:48:31 skywalker kernel: Serial: 8250/16550 driver, 4 ports, IRQ sharing disabled
Aug 26 04:48:31 skywalker kernel: 00:05: ttyS0 at I/O 0x3f8 (irq = 4, base_baud = 115200) is a 16550A
Aug 26 04:48:31 skywalker kernel: tsc: Refined TSC clocksource calibration: 2399.997 MHz
Aug 26 04:48:31 skywalker kernel: clocksource: tsc: mask: 0xffffffffffffffff max_cycles: 0x229834d6ac9, max_idle_ns: 440795285103 ns
Aug 26 04:48:31 skywalker kernel: clocksource: Switched to clocksource tsc
Aug 26 04:48:31 skywalker kernel: Freeing initrd memory: 23472K
Aug 26 04:48:31 skywalker kernel: lp: driver loaded but no devices found
Aug 26 04:48:31 skywalker kernel: Hangcheck: starting hangcheck timer 0.9.1 (tick is 180 seconds, margin is 60 seconds).
Aug 26 04:48:31 skywalker kernel: AMD-Vi: AMD IOMMUv2 functionality not available on this system - This is not a bug.
Aug 26 04:48:31 skywalker kernel: parport0: PC-style at 0x378 (0x778) [PCSPP(,...)]
Aug 26 04:48:31 skywalker kernel: parport0: irq 7 detected
Aug 26 04:48:31 skywalker kernel: lp0: using parport0 (polling).
Aug 26 04:48:31 skywalker kernel: loop: module loaded
Aug 26 04:48:31 skywalker kernel: Rounding down aligned max_sectors from 4294967295 to 4294967288
Aug 26 04:48:31 skywalker kernel: db_root: cannot open: /etc/target
Aug 26 04:48:31 skywalker kernel: VFIO - User Level meta-driver version: 0.3
Aug 26 04:48:31 skywalker kernel: ehci-pci 0000:00:1a.0: EHCI Host Controller
Aug 26 04:48:31 skywalker kernel: ehci-pci 0000:00:1a.0: new USB bus registered, assigned bus number 1
Aug 26 04:48:31 skywalker kernel: ehci-pci 0000:00:1a.0: debug port 2
Aug 26 04:48:31 skywalker kernel: ehci-pci 0000:00:1a.0: irq 18, io mem 0xfbf18000
Aug 26 04:48:31 skywalker kernel: ehci-pci 0000:00:1a.0: USB 2.0 started, EHCI 1.00
Aug 26 04:48:31 skywalker kernel: hub 1-0:1.0: USB hub found
Aug 26 04:48:31 skywalker kernel: hub 1-0:1.0: 2 ports detected
Aug 26 04:48:31 skywalker kernel: ehci-pci 0000:00:1d.0: EHCI Host Controller
Aug 26 04:48:31 skywalker kernel: ehci-pci 0000:00:1d.0: new USB bus registered, assigned bus number 2
Aug 26 04:48:31 skywalker kernel: ehci-pci 0000:00:1d.0: debug port 2
Aug 26 04:48:31 skywalker kernel: ehci-pci 0000:00:1d.0: irq 18, io mem 0xfbf17000
Aug 26 04:48:31 skywalker kernel: ehci-pci 0000:00:1d.0: USB 2.0 started, EHCI 1.00
Aug 26 04:48:31 skywalker kernel: hub 2-0:1.0: USB hub found
Aug 26 04:48:31 skywalker kernel: hub 2-0:1.0: 2 ports detected
Aug 26 04:48:31 skywalker kernel: xhci_hcd 0000:00:14.0: xHCI Host Controller
Aug 26 04:48:31 skywalker kernel: xhci_hcd 0000:00:14.0: new USB bus registered, assigned bus number 3
Aug 26 04:48:31 skywalker kernel: xhci_hcd 0000:00:14.0: hcc params 0x200077c1 hci version 0x100 quirks 0x0000000000009810
Aug 26 04:48:31 skywalker kernel: xhci_hcd 0000:00:14.0: xHCI Host Controller
Aug 26 04:48:31 skywalker kernel: xhci_hcd 0000:00:14.0: new USB bus registered, assigned bus number 4
Aug 26 04:48:31 skywalker kernel: xhci_hcd 0000:00:14.0: Host supports USB 3.0 SuperSpeed
Aug 26 04:48:31 skywalker kernel: hub 3-0:1.0: USB hub found
Aug 26 04:48:31 skywalker kernel: hub 3-0:1.0: 15 ports detected
Aug 26 04:48:31 skywalker kernel: hub 4-0:1.0: USB hub found
Aug 26 04:48:31 skywalker kernel: hub 4-0:1.0: 6 ports detected
Aug 26 04:48:31 skywalker kernel: usbcore: registered new interface driver usb-storage
Aug 26 04:48:31 skywalker kernel: i8042: PNP: PS/2 Controller [PNP0303:PS2K,PNP0f03:PS2M] at 0x60,0x64 irq 1,12
Aug 26 04:48:31 skywalker kernel: serio: i8042 KBD port at 0x60,0x64 irq 1
Aug 26 04:48:31 skywalker kernel: serio: i8042 AUX port at 0x60,0x64 irq 12
Aug 26 04:48:31 skywalker kernel: mousedev: PS/2 mouse device common for all mice
Aug 26 04:48:31 skywalker kernel: usbcore: registered new interface driver synaptics_usb
Aug 26 04:48:31 skywalker kernel: input: PC Speaker as /devices/platform/pcspkr/input/input1
Aug 26 04:48:31 skywalker kernel: rtc_cmos 00:00: RTC can wake from S4
Aug 26 04:48:31 skywalker kernel: rtc_cmos 00:00: registered as rtc0
Aug 26 04:48:31 skywalker kernel: rtc_cmos 00:00: setting system clock to 2023-08-26T11:48:17 UTC (1693050497)
Aug 26 04:48:31 skywalker kernel: rtc_cmos 00:00: alarms up to one month, y3k, 114 bytes nvram
Aug 26 04:48:31 skywalker kernel: intel_pstate: Intel P-state driver initializing
Aug 26 04:48:31 skywalker kernel: efifb: probing for efifb
Aug 26 04:48:31 skywalker kernel: efifb: framebuffer at 0xe0000000, using 5120k, total 5120k
Aug 26 04:48:31 skywalker kernel: efifb: mode is 1280x1024x32, linelength=5120, pages=1
Aug 26 04:48:31 skywalker kernel: efifb: scrolling: redraw
Aug 26 04:48:31 skywalker kernel: efifb: Truecolor: size=8:8:8:8, shift=24:16:8:0
Aug 26 04:48:31 skywalker kernel: Console: switching to colour frame buffer device 160x64
Aug 26 04:48:31 skywalker kernel: fb0: EFI VGA frame buffer device
Aug 26 04:48:31 skywalker kernel: pstore: Registered efi as persistent store backend
Aug 26 04:48:31 skywalker kernel: hid: raw HID events driver (C) Jiri Kosina
Aug 26 04:48:31 skywalker kernel: usbcore: registered new interface driver usbhid
Aug 26 04:48:31 skywalker kernel: usbhid: USB HID core driver
Aug 26 04:48:31 skywalker kernel: ipip: IPv4 and MPLS over IPv4 tunneling driver
Aug 26 04:48:31 skywalker kernel: NET: Registered PF_INET6 protocol family
Aug 26 04:48:31 skywalker kernel: Segment Routing with IPv6
Aug 26 04:48:31 skywalker kernel: RPL Segment Routing with IPv6
Aug 26 04:48:31 skywalker kernel: In-situ OAM (IOAM) with IPv6
Aug 26 04:48:31 skywalker kernel: 9pnet: Installing 9P2000 support
Aug 26 04:48:31 skywalker kernel: microcode: sig=0x306f2, pf=0x1, revision=0x49
Aug 26 04:48:31 skywalker kernel: microcode: Microcode Update Driver: v2.2.
Aug 26 04:48:31 skywalker kernel: IPI shorthand broadcast: enabled
Aug 26 04:48:31 skywalker kernel: sched_clock: Marking stable (2902003413, 1781518)->(2913184140, -9399209)
Aug 26 04:48:31 skywalker kernel: registered taskstats version 1
Aug 26 04:48:31 skywalker kernel: Btrfs loaded, crc32c=crc32c-generic, zoned=no, fsverity=no
Aug 26 04:48:31 skywalker kernel: pstore: Using crash dump compression: deflate
Aug 26 04:48:31 skywalker kernel: usb 1-1: new high-speed USB device number 2 using ehci-pci
Aug 26 04:48:31 skywalker kernel: usb 2-1: new high-speed USB device number 2 using ehci-pci
Aug 26 04:48:31 skywalker kernel: usb 4-3: new SuperSpeed USB device number 2 using xhci_hcd
Aug 26 04:48:31 skywalker kernel: usb-storage 4-3:1.0: USB Mass Storage device detected
Aug 26 04:48:31 skywalker kernel: scsi host0: usb-storage 4-3:1.0
Aug 26 04:48:31 skywalker kernel: hub 1-1:1.0: USB hub found
Aug 26 04:48:31 skywalker kernel: hub 1-1:1.0: 6 ports detected
Aug 26 04:48:31 skywalker kernel: hub 2-1:1.0: USB hub found
Aug 26 04:48:31 skywalker kernel: hub 2-1:1.0: 8 ports detected
Aug 26 04:48:31 skywalker kernel: scsi 0:0:0:0: Direct-Access      USB      SanDisk 3.2Gen1 1.00 PQ: 0 ANSI: 6
Aug 26 04:48:31 skywalker kernel: sd 0:0:0:0: Attached scsi generic sg0 type 0
Aug 26 04:48:31 skywalker kernel: sd 0:0:0:0: [sda] 60088320 512-byte logical blocks: (30.8 GB/28.7 GiB)
Aug 26 04:48:31 skywalker kernel: sd 0:0:0:0: [sda] Write Protect is off
Aug 26 04:48:31 skywalker kernel: sd 0:0:0:0: [sda] Mode Sense: 43 00 00 00
Aug 26 04:48:31 skywalker kernel: sd 0:0:0:0: [sda] Write cache: disabled, read cache: enabled, doesn't support DPO or FUA
Aug 26 04:48:31 skywalker kernel: sda: sda1
Aug 26 04:48:31 skywalker kernel: sd 0:0:0:0: [sda] Attached SCSI removable disk
Aug 26 04:48:31 skywalker kernel: floppy0: no floppy controllers found
Aug 26 04:48:31 skywalker kernel: Freeing unused kernel image (initmem) memory: 1868K
Aug 26 04:48:31 skywalker kernel: Write protecting the kernel read-only data: 18432k
Aug 26 04:48:31 skywalker kernel: Freeing unused kernel image (text/rodata gap) memory: 2040K
Aug 26 04:48:31 skywalker kernel: Freeing unused kernel image (rodata/data gap) memory: 444K
Aug 26 04:48:31 skywalker kernel: rodata_test: all tests were successful
Aug 26 04:48:31 skywalker kernel: Run /init as init process
Aug 26 04:48:31 skywalker kernel:  with arguments:
Aug 26 04:48:31 skywalker kernel:    /init
Aug 26 04:48:31 skywalker kernel:  with environment:
Aug 26 04:48:31 skywalker kernel:    HOME=/
Aug 26 04:48:31 skywalker kernel:    TERM=linux
Aug 26 04:48:31 skywalker kernel:    BOOT_IMAGE=/bzimage
Aug 26 04:48:31 skywalker kernel: loop0: detected capacity change from 0 to 120456
Aug 26 04:48:31 skywalker kernel: random: crng init done
Aug 26 04:48:31 skywalker kernel: loop1: detected capacity change from 0 to 679128
Aug 26 04:48:31 skywalker kernel: NET: Registered PF_UNIX/PF_LOCAL protocol family
Aug 26 04:48:31 skywalker kernel: Console: switching to colour dummy device 80x25
Aug 26 04:48:31 skywalker kernel: vfio-pci 0000:03:00.0: vgaarb: deactivate vga console
Aug 26 04:48:31 skywalker kernel: vfio-pci 0000:03:00.0: vgaarb: changed VGA decodes: olddecodes=io+mem,decodes=io+mem:owns=io+mem
Aug 26 04:48:31 skywalker kernel: input: Power Button as /devices/LNXSYSTM:00/LNXSYBUS:00/PNP0C0C:00/input/input4
Aug 26 04:48:31 skywalker kernel: ACPI: button: Power Button [PWRB]
Aug 26 04:48:31 skywalker kernel: input: Power Button as /devices/LNXSYSTM:00/LNXPWRBN:00/input/input5
Aug 26 04:48:31 skywalker kernel: ACPI: button: Power Button [PWRF]
Aug 26 04:48:31 skywalker kernel: ahci 0000:00:11.4: version 3.0
Aug 26 04:48:31 skywalker kernel: ahci 0000:00:11.4: AHCI 0001.0300 32 slots 4 ports 6 Gbps 0x4 impl SATA mode
Aug 26 04:48:31 skywalker kernel: ahci 0000:00:11.4: flags: 64bit ncq pm led clo pio slum part ems apst 
Aug 26 04:48:31 skywalker kernel: scsi host1: ahci
Aug 26 04:48:31 skywalker kernel: scsi host2: ahci
Aug 26 04:48:31 skywalker kernel: scsi host3: ahci
Aug 26 04:48:31 skywalker kernel: scsi host4: ahci
Aug 26 04:48:31 skywalker kernel: ata1: DUMMY
Aug 26 04:48:31 skywalker kernel: ata2: DUMMY
Aug 26 04:48:31 skywalker kernel: ata3: SATA max UDMA/133 abar m2048@0xfbf19000 port 0xfbf19200 irq 33
Aug 26 04:48:31 skywalker kernel: ata4: DUMMY
Aug 26 04:48:31 skywalker kernel: ahci 0000:00:1f.2: AHCI 0001.0300 32 slots 4 ports 6 Gbps 0x5 impl SATA mode
Aug 26 04:48:31 skywalker kernel: ahci 0000:00:1f.2: flags: 64bit ncq pm led clo pio slum part ems apst 
Aug 26 04:48:31 skywalker kernel: r8169 0000:06:00.0: can't disable ASPM; OS doesn't have ASPM control
Aug 26 04:48:31 skywalker kernel: scsi host5: ahci
Aug 26 04:48:31 skywalker kernel: scsi host6: ahci
Aug 26 04:48:31 skywalker kernel: scsi host7: ahci
Aug 26 04:48:31 skywalker kernel: scsi host8: ahci
Aug 26 04:48:31 skywalker kernel: ata5: SATA max UDMA/133 abar m2048@0xfbf16000 port 0xfbf16100 irq 34
Aug 26 04:48:31 skywalker kernel: ata6: DUMMY
Aug 26 04:48:31 skywalker kernel: ata7: SATA max UDMA/133 abar m2048@0xfbf16000 port 0xfbf16200 irq 34
Aug 26 04:48:31 skywalker kernel: ata8: DUMMY
Aug 26 04:48:31 skywalker kernel: r8169 0000:06:00.0 eth0: RTL8168h/8111h, 0a:e0:af:b2:03:dc, XID 541, IRQ 35
Aug 26 04:48:31 skywalker kernel: r8169 0000:06:00.0 eth0: jumbo features [frames: 9194 bytes, tx checksumming: ko]
Aug 26 04:48:31 skywalker kernel: Linux agpgart interface v0.103
Aug 26 04:48:31 skywalker kernel: ata3: SATA link up 6.0 Gbps (SStatus 133 SControl 300)
Aug 26 04:48:31 skywalker kernel: ata5: SATA link up 6.0 Gbps (SStatus 133 SControl 300)
Aug 26 04:48:31 skywalker kernel: ata7: SATA link up 6.0 Gbps (SStatus 133 SControl 300)
Aug 26 04:48:31 skywalker kernel: ACPI BIOS Error (bug): Could not resolve symbol [\_SB.PCI0.SAT1.SPT2._GTF.DSSP], AE_NOT_FOUND (20220331/psargs-330)
Aug 26 04:48:31 skywalker kernel: ACPI Error: Aborting method \_SB.PCI0.SAT1.SPT2._GTF due to previous error (AE_NOT_FOUND) (20220331/psparse-529)
Aug 26 04:48:31 skywalker kernel: ata7.00: ATA-10: WDC WD10SPZX-21Z10T0, 02.01A02, max UDMA/133
Aug 26 04:48:31 skywalker kernel: ata7.00: 1953525168 sectors, multi 16: LBA48 NCQ (depth 32), AA
Aug 26 04:48:31 skywalker kernel: ata7.00: Features: NCQ-prio
Aug 26 04:48:31 skywalker kernel: ACPI BIOS Error (bug): Could not resolve symbol [\_SB.PCI0.SAT1.SPT0._GTF.DSSP], AE_NOT_FOUND (20220331/psargs-330)
Aug 26 04:48:31 skywalker kernel: ACPI Error: Aborting method \_SB.PCI0.SAT1.SPT0._GTF due to previous error (AE_NOT_FOUND) (20220331/psparse-529)
Aug 26 04:48:31 skywalker kernel: ACPI BIOS Error (bug): Could not resolve symbol [\_SB.PCI0.SAT1.SPT2._GTF.DSSP], AE_NOT_FOUND (20220331/psargs-330)
Aug 26 04:48:31 skywalker kernel: ACPI Error: Aborting method \_SB.PCI0.SAT1.SPT2._GTF due to previous error (AE_NOT_FOUND) (20220331/psparse-529)
Aug 26 04:48:31 skywalker kernel: ata7.00: configured for UDMA/133
Aug 26 04:48:31 skywalker kernel: ata5.00: ATA-10: ST2000DM008-2FR102, 0001, max UDMA/133
Aug 26 04:48:31 skywalker kernel: ata5.00: 3907029168 sectors, multi 16: LBA48 NCQ (depth 32), AA
Aug 26 04:48:31 skywalker kernel: ACPI BIOS Error (bug): Could not resolve symbol [\_SB.PCI0.SAT1.SPT0._GTF.DSSP], AE_NOT_FOUND (20220331/psargs-330)
Aug 26 04:48:31 skywalker kernel: ACPI Error: Aborting method \_SB.PCI0.SAT1.SPT0._GTF due to previous error (AE_NOT_FOUND) (20220331/psparse-529)
Aug 26 04:48:31 skywalker kernel: ata5.00: configured for UDMA/133
Aug 26 04:48:31 skywalker kernel: ata3.00: ATA-8: TOSHIBA MQ01ABD100, AX0P3D, max UDMA/100
Aug 26 04:48:31 skywalker kernel: ata3.00: 1953525168 sectors, multi 16: LBA48 NCQ (depth 32), AA
Aug 26 04:48:31 skywalker kernel: ata3.00: configured for UDMA/100
Aug 26 04:48:31 skywalker kernel: scsi 3:0:0:0: Direct-Access     ATA      TOSHIBA MQ01ABD1 3D   PQ: 0 ANSI: 5
Aug 26 04:48:31 skywalker kernel: sd 3:0:0:0: Attached scsi generic sg1 type 0
Aug 26 04:48:31 skywalker kernel: sd 3:0:0:0: [sdb] 1953525168 512-byte logical blocks: (1.00 TB/932 GiB)
Aug 26 04:48:31 skywalker kernel: sd 3:0:0:0: [sdb] 4096-byte physical blocks
Aug 26 04:48:31 skywalker kernel: sd 3:0:0:0: [sdb] Write Protect is off
Aug 26 04:48:31 skywalker kernel: sd 3:0:0:0: [sdb] Mode Sense: 00 3a 00 00
Aug 26 04:48:31 skywalker kernel: sd 3:0:0:0: [sdb] Write cache: enabled, read cache: enabled, doesn't support DPO or FUA
Aug 26 04:48:31 skywalker kernel: sd 3:0:0:0: [sdb] Preferred minimum I/O size 4096 bytes
Aug 26 04:48:31 skywalker kernel: scsi 5:0:0:0: Direct-Access     ATA      ST2000DM008-2FR1 0001 PQ: 0 ANSI: 5
Aug 26 04:48:31 skywalker kernel: sd 5:0:0:0: Attached scsi generic sg2 type 0
Aug 26 04:48:31 skywalker kernel: sd 5:0:0:0: [sdc] 3907029168 512-byte logical blocks: (2.00 TB/1.82 TiB)
Aug 26 04:48:31 skywalker kernel: sd 5:0:0:0: [sdc] 4096-byte physical blocks
Aug 26 04:48:31 skywalker kernel: sd 5:0:0:0: [sdc] Write Protect is off
Aug 26 04:48:31 skywalker kernel: sd 5:0:0:0: [sdc] Mode Sense: 00 3a 00 00
Aug 26 04:48:31 skywalker kernel: sd 5:0:0:0: [sdc] Write cache: enabled, read cache: enabled, doesn't support DPO or FUA
Aug 26 04:48:31 skywalker kernel: scsi 7:0:0:0: Direct-Access     ATA      WDC WD10SPZX-21Z 1A02 PQ: 0 ANSI: 5
Aug 26 04:48:31 skywalker kernel: sd 5:0:0:0: [sdc] Preferred minimum I/O size 4096 bytes
Aug 26 04:48:31 skywalker kernel: sd 7:0:0:0: Attached scsi generic sg3 type 0
Aug 26 04:48:31 skywalker kernel: sd 7:0:0:0: [sdd] 1953525168 512-byte logical blocks: (1.00 TB/932 GiB)
Aug 26 04:48:31 skywalker kernel: sd 7:0:0:0: [sdd] 4096-byte physical blocks
Aug 26 04:48:31 skywalker kernel: sd 7:0:0:0: [sdd] Write Protect is off
Aug 26 04:48:31 skywalker kernel: sd 7:0:0:0: [sdd] Mode Sense: 00 3a 00 00
Aug 26 04:48:31 skywalker kernel: sd 7:0:0:0: [sdd] Write cache: enabled, read cache: enabled, doesn't support DPO or FUA
Aug 26 04:48:31 skywalker kernel: sd 7:0:0:0: [sdd] Preferred minimum I/O size 4096 bytes
Aug 26 04:48:31 skywalker kernel: sdc: sdc1
Aug 26 04:48:31 skywalker kernel: sd 5:0:0:0: [sdc] Attached SCSI disk
Aug 26 04:48:31 skywalker kernel: GPT:Primary header thinks Alt. header is not at the end of the disk.
Aug 26 04:48:31 skywalker kernel: GPT:1953525165 != 1953525167
Aug 26 04:48:31 skywalker kernel: GPT:Alternate GPT header not at the end of the disk.
Aug 26 04:48:31 skywalker kernel: GPT:1953525165 != 1953525167
Aug 26 04:48:31 skywalker kernel: GPT: Use GNU Parted to correct GPT errors.
Aug 26 04:48:31 skywalker kernel: sdb: sdb1 sdb2
Aug 26 04:48:31 skywalker kernel: sd 3:0:0:0: [sdb] Attached SCSI disk
Aug 26 04:48:31 skywalker kernel: sdd: sdd1
Aug 26 04:48:31 skywalker kernel: sd 7:0:0:0: [sdd] Attached SCSI disk
Aug 26 04:48:31 skywalker kernel: nvme nvme0: pci function 0000:02:00.0
Aug 26 04:48:31 skywalker kernel: RAPL PMU: API unit is 2^-32 Joules, 2 fixed counters, 655360 ms ovfl timer
Aug 26 04:48:31 skywalker kernel: RAPL PMU: hw unit of domain package 2^-14 Joules
Aug 26 04:48:31 skywalker kernel: RAPL PMU: hw unit of domain dram 2^-16 Joules
Aug 26 04:48:31 skywalker kernel: i801_smbus 0000:00:1f.3: enabling device (0000 -> 0003)
Aug 26 04:48:31 skywalker kernel: i801_smbus 0000:00:1f.3: SMBus using PCI interrupt
Aug 26 04:48:31 skywalker kernel: i2c i2c-0: 4/4 memory slots populated (from DMI)
Aug 26 04:48:31 skywalker kernel: nvme nvme0: missing or invalid SUBNQN field.
Aug 26 04:48:31 skywalker kernel: nvme nvme0: allocated 16 MiB host memory buffer.
Aug 26 04:48:31 skywalker kernel: nvme nvme0: 8/0/0 default/read/poll queues
Aug 26 04:48:31 skywalker kernel: nvme nvme0: Ignoring bogus Namespace Identifiers
Aug 26 04:48:31 skywalker kernel: nvme0n1: p1
Aug 26 04:48:31 skywalker kernel: cryptd: max_cpu_qlen set to 1000
Aug 26 04:48:31 skywalker kernel: AVX2 version of gcm_enc/dec engaged.
Aug 26 04:48:31 skywalker kernel: AES CTR mode by8 optimization enabled
Aug 26 04:48:31 skywalker kernel: BTRFS: device fsid 8fe344a9-ad15-47de-a9b9-3a8f6002dede devid 1 transid 8958 /dev/nvme0n1p1 scanned by udevd (1010)
Aug 26 04:48:31 skywalker kernel: ACPI: bus type drm_connector registered
Aug 26 04:48:31 skywalker kernel: intel_rapl_common: Found RAPL domain package
Aug 26 04:48:31 skywalker kernel: intel_rapl_common: Found RAPL domain dram
Aug 26 04:48:31 skywalker kernel: intel_rapl_common: DRAM domain energy unit 15300pj
Aug 26 04:48:31 skywalker kernel: [drm] amdgpu kernel modesetting enabled.
Aug 26 04:48:31 skywalker kernel: amdgpu: CRAT table not found
Aug 26 04:48:31 skywalker kernel: amdgpu: Virtual CRAT table created for CPU
Aug 26 04:48:31 skywalker kernel: amdgpu: Topology: Add CPU node
Aug 26 04:48:32 skywalker rsyslogd: [origin software="rsyslogd" swVersion="8.2102.0" x-pid="1201" x-info="https://www.rsyslog.com"] start
Aug 26 04:48:35 skywalker rc.inet1: ip -4 addr add 127.0.0.1/8 dev lo
Aug 26 04:48:35 skywalker rc.inet1: ip -6 addr add ::1/128 dev lo
Aug 26 04:48:35 skywalker rc.inet1: ip link set lo up
Aug 26 04:48:35 skywalker kernel: MII link monitoring set to 100 ms
Aug 26 04:48:35 skywalker rc.inet1: ip link add name bond0 type bond mode 1 miimon 100
Aug 26 04:48:35 skywalker rc.inet1: ip link set bond0 up
Aug 26 04:48:35 skywalker rc.inet1: ip link set eth0 down
Aug 26 04:48:35 skywalker rc.inet1: ip link set eth0 master bond0 up type bond_slave
Aug 26 04:48:35 skywalker kernel: Generic FE-GE Realtek PHY r8169-0-600:00: attached PHY driver (mii_bus:phy_addr=r8169-0-600:00, irq=MAC)
Aug 26 04:48:35 skywalker kernel: r8169 0000:06:00.0 eth0: Link is Down
Aug 26 04:48:35 skywalker kernel: bond0: (slave eth0): Enslaving as a backup interface with a down link
Aug 26 04:48:35 skywalker rc.inet1: ip link set name bond0 type bond primary eth0
Aug 26 04:48:38 skywalker kernel: r8169 0000:06:00.0 eth0: Link is Up - 1Gbps/Full - flow control off
Aug 26 04:48:38 skywalker kernel: bond0: (slave eth0): link status definitely up, 1000 Mbps full duplex
Aug 26 04:48:38 skywalker kernel: bond0: (slave eth0): making interface the new active one
Aug 26 04:48:38 skywalker kernel: bond0: active interface up!
Aug 26 04:48:38 skywalker kernel: IPv6: ADDRCONF(NETDEV_CHANGE): bond0: link becomes ready
Aug 26 04:48:38 skywalker rc.inet1: ip link add name br0 type bridge stp_state 0 forward_delay 0 nf_call_iptables 1 nf_call_ip6tables 1 nf_call_arptables 1
Aug 26 04:48:38 skywalker kernel: bridge: filtering via arp/ip/ip6tables is no longer available by default. Update your scripts to load br_netfilter if you need this.
Aug 26 04:48:38 skywalker rc.inet1: ip link set br0 up
Aug 26 04:48:38 skywalker rc.inet1: ip link set bond0 down
Aug 26 04:48:38 skywalker rc.inet1: ip -4 addr flush dev bond0
Aug 26 04:48:38 skywalker rc.inet1: ip link set bond0 promisc on master br0 up
Aug 26 04:48:38 skywalker kernel: br0: port 1(bond0) entered blocking state
Aug 26 04:48:38 skywalker kernel: br0: port 1(bond0) entered disabled state
Aug 26 04:48:38 skywalker kernel: device bond0 entered promiscuous mode
Aug 26 04:48:38 skywalker kernel: device eth0 entered promiscuous mode
Aug 26 04:48:38 skywalker kernel: br0: port 1(bond0) entered blocking state
Aug 26 04:48:38 skywalker kernel: br0: port 1(bond0) entered forwarding state
Aug 26 04:48:39 skywalker rc.inet1: ip -4 addr add 192.168.3.30/255.255.255.0 dev br0
Aug 26 04:48:39 skywalker rc.inet1: ip link set br0 up
Aug 26 04:48:39 skywalker rc.inet1: ip -4 route add default via 192.168.3.1 dev br0
Aug 26 04:48:39 skywalker elogind-daemon[1429]: Watching system buttons on /dev/input/event2 (Power Button)
Aug 26 04:48:39 skywalker elogind-daemon[1429]: Watching system buttons on /dev/input/event1 (Power Button)
Aug 26 04:48:39 skywalker elogind-daemon[1429]: New seat seat0.
Aug 26 04:48:39 skywalker sshd[1477]: Server listening on 192.168.3.30 port 22.
Aug 26 04:48:40 skywalker ntpd[1513]: ntpd 4.2.8p17@1.4004-o Tue Jun  6 17:07:37 UTC 2023 (1): Starting
Aug 26 04:48:40 skywalker ntpd[1513]: Command line: /usr/sbin/ntpd -g -u ntp:ntp
Aug 26 04:48:40 skywalker ntpd[1513]: ----------------------------------------------------
Aug 26 04:48:40 skywalker ntpd[1513]: ntp-4 is maintained by Network Time Foundation,
Aug 26 04:48:40 skywalker ntpd[1513]: Inc. (NTF), a non-profit 501(c)(3) public-benefit
Aug 26 04:48:40 skywalker ntpd[1513]: corporation.  Support and training for ntp-4 are
Aug 26 04:48:40 skywalker ntpd[1513]: available at https://www.nwtime.org/support
Aug 26 04:48:40 skywalker ntpd[1513]: ----------------------------------------------------
Aug 26 04:48:40 skywalker ntpd[1513]: DEBUG behavior is enabled - a violation of any
Aug 26 04:48:40 skywalker ntpd[1513]: diagnostic assertion will cause ntpd to abort
Aug 26 04:48:40 skywalker ntpd[1515]: proto: precision = 0.075 usec (-24)
Aug 26 04:48:40 skywalker ntpd[1515]: basedate set to 2023-05-25
Aug 26 04:48:40 skywalker ntpd[1515]: gps base set to 2023-05-28 (week 2264)
Aug 26 04:48:40 skywalker ntpd[1515]: initial drift restored to 0.000000
Aug 26 04:48:40 skywalker ntpd[1515]: Listen normally on 0 lo 127.0.0.1:123
Aug 26 04:48:40 skywalker ntpd[1515]: Listen normally on 1 br0 192.168.3.30:123
Aug 26 04:48:40 skywalker ntpd[1515]: Listening on routing socket on fd #18 for interface updates
Aug 26 04:48:40 skywalker ntpd[1515]: kernel reports TIME_ERROR: 0x41: Clock Unsynchronized
Aug 26 04:48:40 skywalker ntpd[1515]: kernel reports TIME_ERROR: 0x41: Clock Unsynchronized
Aug 26 04:48:40 skywalker acpid: starting up with netlink and the input layer
Aug 26 04:48:40 skywalker acpid: 1 rule loaded
Aug 26 04:48:40 skywalker acpid: waiting for events: event logging is off
Aug 26 04:48:40 skywalker crond[1540]: /usr/sbin/crond 4.5 dillon's cron daemon, started with loglevel notice
Aug 26 04:48:40 skywalker mcelog: failed to prefill DIMM database from DMI data
Aug 26 04:48:40 skywalker mcelog: Kernel does not support page offline interface
Aug 26 04:48:40 skywalker mcelog: Cannot read sysfs field /sys/kernel/security/lockdown: No such file or directory
Aug 26 04:48:40 skywalker mcelog: Kernel in lockdown. Cannot enable DIMM error location reporting
Aug 26 04:48:41 skywalker root: Installing plugins
Aug 26 04:48:41 skywalker root: plugin: installing: community.applications.plg
Aug 26 04:48:41 skywalker root: Executing hook script: pre_plugin_checks
Aug 26 04:48:41 skywalker root: plugin: running: anonymous
Aug 26 04:48:41 skywalker root: 
Aug 26 04:48:41 skywalker root: 
Aug 26 04:48:41 skywalker root: Cleaning Up Old Versions
Aug 26 04:48:41 skywalker root: Fixing pinned apps
Aug 26 04:48:41 skywalker root: Setting up cron for background notifications
Aug 26 04:48:41 skywalker root: 
Aug 26 04:48:41 skywalker root: plugin: running: anonymous
Aug 26 04:48:41 skywalker root: plugin: checking: /boot/config/plugins/community.applications/community.applications-2023.07.03-x86_64-1.txz - MD5
Aug 26 04:48:41 skywalker root: plugin: skipping: /boot/config/plugins/community.applications/community.applications-2023.07.03-x86_64-1.txz already exists
Aug 26 04:48:41 skywalker root: plugin: running: upgradepkg --install-new --reinstall /boot/config/plugins/community.applications/community.applications-2023.07.03-x86_64-1.txz
Aug 26 04:48:41 skywalker root: 
Aug 26 04:48:41 skywalker root: +==============================================================================
Aug 26 04:48:41 skywalker root: | Installing new package /boot/config/plugins/community.applications/community.applications-2023.07.03-x86_64-1.txz
Aug 26 04:48:41 skywalker root: +==============================================================================
Aug 26 04:48:41 skywalker root: 
Aug 26 04:48:41 skywalker root: Verifying package community.applications-2023.07.03-x86_64-1.txz.
Aug 26 04:48:41 skywalker root: Installing package community.applications-2023.07.03-x86_64-1.txz:
Aug 26 04:48:41 skywalker root: PACKAGE DESCRIPTION:
Aug 26 04:48:42 skywalker root: Package community.applications-2023.07.03-x86_64-1.txz installed.
Aug 26 04:48:42 skywalker root: plugin: running: anonymous
Aug 26 04:48:42 skywalker root: Creating Directories
Aug 26 04:48:42 skywalker root: 
Aug 26 04:48:42 skywalker root: Adjusting icon for Unraid version
Aug 26 04:48:42 skywalker root: 
Aug 26 04:48:42 skywalker root: ----------------------------------------------------
Aug 26 04:48:42 skywalker root:  community.applications has been installed.
Aug 26 04:48:42 skywalker root:  Copyright 2015-2023, Andrew Zawadzki
Aug 26 04:48:42 skywalker root:  Version: 2023.07.03
Aug 26 04:48:42 skywalker root: ----------------------------------------------------
Aug 26 04:48:42 skywalker root: 
Aug 26 04:48:42 skywalker root: plugin: community.applications.plg installed
Aug 26 04:48:42 skywalker root: plugin: community.applications.plg installed
Aug 26 04:48:42 skywalker root: Executing hook script: post_plugin_checks
Aug 26 04:48:42 skywalker root: plugin: installing: gpustat.plg
Aug 26 04:48:42 skywalker root: Executing hook script: pre_plugin_checks
Aug 26 04:48:42 skywalker root: plugin: running: anonymous
Aug 26 04:48:42 skywalker root: ********************************************************************
Aug 26 04:48:42 skywalker root: 
Aug 26 04:48:42 skywalker root: AMD vendor utility found. Continuing install.
Aug 26 04:48:42 skywalker root: 
Aug 26 04:48:42 skywalker root: ********************************************************************
Aug 26 04:48:42 skywalker root: plugin: skipping: /boot/config/plugins/gpustat/gpustat-2023.06.10-x86_64.txz already exists
Aug 26 04:48:42 skywalker root: plugin: running: upgradepkg --install-new /boot/config/plugins/gpustat/gpustat-2023.06.10-x86_64.txz
Aug 26 04:48:42 skywalker root: 
Aug 26 04:48:42 skywalker root: +==============================================================================
Aug 26 04:48:42 skywalker root: | Installing new package /boot/config/plugins/gpustat/gpustat-2023.06.10-x86_64.txz
Aug 26 04:48:42 skywalker root: +==============================================================================
Aug 26 04:48:42 skywalker root: 
Aug 26 04:48:42 skywalker root: Verifying package gpustat-2023.06.10-x86_64.txz.
Aug 26 04:48:42 skywalker root: Installing package gpustat-2023.06.10-x86_64.txz:
Aug 26 04:48:42 skywalker root: PACKAGE DESCRIPTION:
Aug 26 04:48:42 skywalker root: Package gpustat-2023.06.10-x86_64.txz installed.
Aug 26 04:48:42 skywalker root: plugin: skipping: /boot/config/plugins/gpustat/gpustat.cfg already exists
Aug 26 04:48:42 skywalker root: plugin: gpustat.plg installed
Aug 26 04:48:42 skywalker root: plugin: gpustat.plg installed
Aug 26 04:48:42 skywalker root: Executing hook script: post_plugin_checks
Aug 26 04:48:42 skywalker root: plugin: installing: radeontop.plg
Aug 26 04:48:42 skywalker root: Executing hook script: pre_plugin_checks
Aug 26 04:48:42 skywalker root: plugin: running: anonymous
Aug 26 04:48:42 skywalker root: plugin: checking: /boot/config/plugins/radeontop/radeontop-2023.02.22.txz - MD5
Aug 26 04:48:42 skywalker root: plugin: skipping: /boot/config/plugins/radeontop/radeontop-2023.02.22.txz already exists
Aug 26 04:48:42 skywalker root: plugin: running: upgradepkg --install-new /boot/config/plugins/radeontop/radeontop-2023.02.22.txz
Aug 26 04:48:42 skywalker root: 
Aug 26 04:48:42 skywalker root: +==============================================================================
Aug 26 04:48:42 skywalker root: | Installing new package /boot/config/plugins/radeontop/radeontop-2023.02.22.txz
Aug 26 04:48:42 skywalker root: +==============================================================================
Aug 26 04:48:42 skywalker root: 
Aug 26 04:48:42 skywalker root: Verifying package radeontop-2023.02.22.txz.
Aug 26 04:48:42 skywalker root: Installing package radeontop-2023.02.22.txz:
Aug 26 04:48:42 skywalker root: PACKAGE DESCRIPTION:
Aug 26 04:48:42 skywalker root: Package radeontop-2023.02.22.txz installed.
Aug 26 04:48:42 skywalker root: plugin: creating: /usr/local/emhttp/plugins/radeontop/README.md - from INLINE content
Aug 26 04:48:42 skywalker root: plugin: running: anonymous
Aug 26 04:48:42 skywalker root: 
Aug 26 04:48:42 skywalker root: -----AMDGPU Kernel Module already enabled!-----
Aug 26 04:48:42 skywalker root: 
Aug 26 04:48:42 skywalker root: ----Installation of radeontop complete-----
Aug 26 04:48:42 skywalker root: plugin: radeontop.plg installed
Aug 26 04:48:42 skywalker root: plugin: radeontop.plg installed
Aug 26 04:48:42 skywalker root: Executing hook script: post_plugin_checks
Aug 26 04:48:43 skywalker root: plugin: installing: theme.engine.plg
Aug 26 04:48:43 skywalker root: Executing hook script: pre_plugin_checks
Aug 26 04:48:43 skywalker root: plugin: running: anonymous
Aug 26 04:48:43 skywalker root: plugin: checking: /boot/config/plugins/theme.engine/theme.engine-2023.01.17-x86_64-1.txz - MD5
Aug 26 04:48:43 skywalker root: plugin: skipping: /boot/config/plugins/theme.engine/theme.engine-2023.01.17-x86_64-1.txz already exists
Aug 26 04:48:43 skywalker root: plugin: running: upgradepkg --install-new /boot/config/plugins/theme.engine/theme.engine-2023.01.17-x86_64-1.txz
Aug 26 04:48:43 skywalker root: 
Aug 26 04:48:43 skywalker root: +==============================================================================
Aug 26 04:48:43 skywalker root: | Installing new package /boot/config/plugins/theme.engine/theme.engine-2023.01.17-x86_64-1.txz
Aug 26 04:48:43 skywalker root: +==============================================================================
Aug 26 04:48:43 skywalker root: 
Aug 26 04:48:43 skywalker root: Verifying package theme.engine-2023.01.17-x86_64-1.txz.
Aug 26 04:48:43 skywalker root: Installing package theme.engine-2023.01.17-x86_64-1.txz:
Aug 26 04:48:43 skywalker root: PACKAGE DESCRIPTION:
Aug 26 04:48:45 skywalker root: Package theme.engine-2023.01.17-x86_64-1.txz installed.
Aug 26 04:48:45 skywalker root: plugin: running: anonymous
Aug 26 04:48:45 skywalker root: 
Aug 26 04:48:45 skywalker root: ----------------------------------------------------
Aug 26 04:48:45 skywalker root:  theme.engine has been installed.
Aug 26 04:48:45 skywalker root:  Copyright 2019, Justin Nolan
Aug 26 04:48:45 skywalker root:  Version: 2023.01.17
Aug 26 04:48:45 skywalker root: ----------------------------------------------------
Aug 26 04:48:45 skywalker root: 
Aug 26 04:48:45 skywalker root: plugin: theme.engine.plg installed
Aug 26 04:48:45 skywalker root: plugin: theme.engine.plg installed
Aug 26 04:48:45 skywalker root: Executing hook script: post_plugin_checks
Aug 26 04:48:45 skywalker root: plugin: installing: tips.and.tweaks.plg
Aug 26 04:48:45 skywalker root: Executing hook script: pre_plugin_checks
Aug 26 04:48:45 skywalker root: plugin: checking: /boot/config/plugins/tips.and.tweaks/tips.and.tweaks-2023.07.23.tgz - MD5
Aug 26 04:48:45 skywalker root: plugin: skipping: /boot/config/plugins/tips.and.tweaks/tips.and.tweaks-2023.07.23.tgz already exists
Aug 26 04:48:45 skywalker root: plugin: running: anonymous
Aug 26 04:48:45 skywalker root: plugin: running: anonymous
Aug 26 04:48:45 skywalker root: plugin: skipping: /boot/config/plugins/tips.and.tweaks/tips.and.tweaks.cfg already exists
Aug 26 04:48:45 skywalker root: plugin: running: anonymous
Aug 26 04:48:45 skywalker root: 
Aug 26 04:48:45 skywalker root: -----------------------------------------------------------
Aug 26 04:48:45 skywalker root:  tips.and.tweaks is installed.
Aug 26 04:48:45 skywalker root:  Copyright 2016-2023 dlandon
Aug 26 04:48:45 skywalker root:  Version: 2023.07.23
Aug 26 04:48:45 skywalker root: -----------------------------------------------------------
Aug 26 04:48:45 skywalker root: 
Aug 26 04:48:45 skywalker root: plugin: tips.and.tweaks.plg installed
Aug 26 04:48:45 skywalker root: plugin: tips.and.tweaks.plg installed
Aug 26 04:48:45 skywalker root: Executing hook script: post_plugin_checks
Aug 26 04:48:45 skywalker root: plugin: installing: unassigned.devices-plus.plg
Aug 26 04:48:45 skywalker root: Executing hook script: pre_plugin_checks
Aug 26 04:48:45 skywalker root: plugin: running: anonymous
Aug 26 04:48:45 skywalker root: plugin: checking: /boot/config/plugins/unassigned.devices-plus/packages/parted-3.3-x86_64-1.txz - MD5
Aug 26 04:48:45 skywalker root: plugin: skipping: /boot/config/plugins/unassigned.devices-plus/packages/parted-3.3-x86_64-1.txz already exists
Aug 26 04:48:45 skywalker root: plugin: running: upgradepkg --install-new /boot/config/plugins/unassigned.devices-plus/packages/parted-3.3-x86_64-1.txz
Aug 26 04:48:45 skywalker root: 
Aug 26 04:48:45 skywalker root: +==============================================================================
